### Starting TaskPrologue of job 1835773 on tg080 at Fri Oct  9 02:06:16 PM CEST 2026
Running on cores 10-11,26-27,42-43,58-59 with governor powersave
Fri Oct  9 14:06:16 2026       
+-----------------------------------------------------------------------------------------+
| NVIDIA-SMI 615.71.09              KMD Version: 615.71.09     CUDA UMD Version: 13.4     |
+-----------------------------------------+------------------------+----------------------+
| GPU  Name                 Persistence-M | Bus-Id          Disp.A | Volatile Uncorr. ECC |
| Fan  Temp   Perf          Pwr:Usage/Cap |           Memory-Usage | GPU-Util  Compute M. |
|                                         |                        |               MIG M. |
|=========================================+========================+======================|
|   0  NVIDIA GeForce RTX 3080        On  |   00000000:3E:00.0 Off |                  N/A |
| 35%   52C    P8             18W /  300W |      33MiB /  10240MiB |      0%      Default |
|                                         |                        |                  N/A |
+-----------------------------------------+------------------------+----------------------+

+-----------------------------------------------------------------------------------------+
| Processes:                                                                              |
|  GPU   GI   CI              PID   Type   Process name                        GPU Memory |
|        ID   ID                                                               Usage      |
|=========================================================================================|
|  No running processes found                                                             |
+-----------------------------------------------------------------------------------------+
### Finished TaskPrologue

/home/woody/iwnt/iwnt196h/software/private/conda/envs/stage_a/lib/python3.11/site-packages/pythonperlin/__init__.py:4: UserWarning: pkg_resources is deprecated as an API. See https://setuptools.pypa.io/en/latest/pkg_resources.html. The pkg_resources package is slated for removal as early as 2025-11-30. Refrain from using this package or pin to Setuptools<81.
  from pkg_resources import get_distribution
/home/woody/iwnt/iwnt196h/Farhad_Vaseghi_MA/third_party/physical_lens_soiling/add_droplet_distort.py:137: FutureWarning: `estimate` is deprecated since version 0.26 and will be removed in version 2.2. Please use `PiecewiseAffineTransform.from_estimate` class constructor instead.
  affin.estimate(to_points,from_points)
/home/woody/iwnt/iwnt196h/Farhad_Vaseghi_MA/third_party/physical_lens_soiling/add_droplet_distort.py:137: FutureWarning: `estimate` is deprecated since version 0.26 and will be removed in version 2.2. Please use `PiecewiseAffineTransform.from_estimate` class constructor instead.
  affin.estimate(to_points,from_points)
/home/woody/iwnt/iwnt196h/Farhad_Vaseghi_MA/third_party/physical_lens_soiling/add_droplet_distort.py:223: FutureWarning: `estimate` is deprecated since version 0.26 and will be removed in version 2.2. Please use `PiecewiseAffineTransform.from_estimate` class constructor instead.
  affin.estimate(from_points,to_points)
/home/woody/iwnt/iwnt196h/Farhad_Vaseghi_MA/third_party/physical_lens_soiling/add_droplet_distort.py:137: FutureWarning: `estimate` is deprecated since version 0.26 and will be removed in version 2.2. Please use `PiecewiseAffineTransform.from_estimate` class constructor instead.
  affin.estimate(to_points,from_points)
/home/woody/iwnt/iwnt196h/Farhad_Vaseghi_MA/third_party/physical_lens_soiling/add_droplet_distort.py:137: FutureWarning: `estimate` is deprecated since version 0.26 and will be removed in version 2.2. Please use `PiecewiseAffineTransform.from_estimate` class constructor instead.
  affin.estimate(to_points,from_points)
/home/woody/iwnt/iwnt196h/Farhad_Vaseghi_MA/third_party/physical_lens_soiling/add_droplet_distort.py:223: FutureWarning: `estimate` is deprecated since version 0.26 and will be removed in version 2.2. Please use `PiecewiseAffineTransform.from_estimate` class constructor instead.
  affin.estimate(from_points,to_points)
/home/woody/iwnt/iwnt196h/Farhad_Vaseghi_MA/third_party/physical_lens_soiling/add_droplet_distort.py:137: FutureWarning: `estimate` is deprecated since version 0.26 and will be removed in version 2.2. Please use `PiecewiseAffineTransform.from_estimate` class constructor instead.
  affin.estimate(to_points,from_points)
/home/woody/iwnt/iwnt196h/Farhad_Vaseghi_MA/third_party/physical_lens_soiling/add_droplet_distort.py:223: FutureWarning: `estimate` is deprecated since version 0.26 and will be removed in version 2.2. Please use `PiecewiseAffineTransform.from_estimate` class constructor instead.
  affin.estimate(from_points,to_points)
/home/woody/iwnt/iwnt196h/Farhad_Vaseghi_MA/third_party/physical_lens_soiling/add_droplet_distort.py:137: FutureWarning: `estimate` is deprecated since version 0.26 and will be removed in version 2.2. Please use `PiecewiseAffineTransform.from_estimate` class constructor instead.
  affin.estimate(to_points,from_points)
/home/woody/iwnt/iwnt196h/Farhad_Vaseghi_MA/third_party/physical_lens_soiling/add_droplet_distort.py:223: FutureWarning: `estimate` is deprecated since version 0.26 and will be removed in version 2.2. Please use `PiecewiseAffineTransform.from_estimate` class constructor instead.
  affin.estimate(from_points,to_points)
/home/woody/iwnt/iwnt196h/Farhad_Vaseghi_MA/third_party/physical_lens_soiling/add_droplet_distort.py:137: FutureWarning: `estimate` is deprecated since version 0.26 and will be removed in version 2.2. Please use `PiecewiseAffineTransform.from_estimate` class constructor instead.
  affin.estimate(to_points,from_points)
/home/woody/iwnt/iwnt196h/Farhad_Vaseghi_MA/third_party/physical_lens_soiling/add_droplet_distort.py:137: FutureWarning: `estimate` is deprecated since version 0.26 and will be removed in version 2.2. Please use `PiecewiseAffineTransform.from_estimate` class constructor instead.
  affin.estimate(to_points,from_points)
/home/woody/iwnt/iwnt196h/Farhad_Vaseghi_MA/third_party/physical_lens_soiling/add_droplet_distort.py:223: FutureWarning: `estimate` is deprecated since version 0.26 and will be removed in version 2.2. Please use `PiecewiseAffineTransform.from_estimate` class constructor instead.
  affin.estimate(from_points,to_points)
/home/woody/iwnt/iwnt196h/Farhad_Vaseghi_MA/third_party/physical_lens_soiling/add_droplet_distort.py:223: FutureWarning: `estimate` is deprecated since version 0.26 and will be removed in version 2.2. Please use `PiecewiseAffineTransform.from_estimate` class constructor instead.
  affin.estimate(from_points,to_points)
/home/woody/iwnt/iwnt196h/Farhad_Vaseghi_MA/third_party/physical_lens_soiling/add_droplet_distort.py:137: FutureWarning: `estimate` is deprecated since version 0.26 and will be removed in version 2.2. Please use `PiecewiseAffineTransform.from_estimate` class constructor instead.
  affin.estimate(to_points,from_points)
/home/woody/iwnt/iwnt196h/Farhad_Vaseghi_MA/third_party/physical_lens_soiling/add_droplet_distort.py:137: FutureWarning: `estimate` is deprecated since version 0.26 and will be removed in version 2.2. Please use `PiecewiseAffineTransform.from_estimate` class constructor instead.
  affin.estimate(to_points,from_points)
/home/woody/iwnt/iwnt196h/Farhad_Vaseghi_MA/third_party/physical_lens_soiling/add_droplet_distort.py:223: FutureWarning: `estimate` is deprecated since version 0.26 and will be removed in version 2.2. Please use `PiecewiseAffineTransform.from_estimate` class constructor instead.
  affin.estimate(from_points,to_points)
/home/woody/iwnt/iwnt196h/Farhad_Vaseghi_MA/third_party/physical_lens_soiling/add_droplet_distort.py:223: FutureWarning: `estimate` is deprecated since version 0.26 and will be removed in version 2.2. Please use `PiecewiseAffineTransform.from_estimate` class constructor instead.
  affin.estimate(from_points,to_points)
/home/woody/iwnt/iwnt196h/Farhad_Vaseghi_MA/third_party/physical_lens_soiling/add_droplet_distort.py:223: FutureWarning: `estimate` is deprecated since version 0.26 and will be removed in version 2.2. Please use `PiecewiseAffineTransform.from_estimate` class constructor instead.
  affin.estimate(from_points,to_points)
/home/woody/iwnt/iwnt196h/Farhad_Vaseghi_MA/third_party/physical_lens_soiling/add_droplet_distort.py:137: FutureWarning: `estimate` is deprecated since version 0.26 and will be removed in version 2.2. Please use `PiecewiseAffineTransform.from_estimate` class constructor instead.
  affin.estimate(to_points,from_points)
/home/woody/iwnt/iwnt196h/Farhad_Vaseghi_MA/third_party/physical_lens_soiling/add_droplet_distort.py:137: FutureWarning: `estimate` is deprecated since version 0.26 and will be removed in version 2.2. Please use `PiecewiseAffineTransform.from_estimate` class constructor instead.
  affin.estimate(to_points,from_points)
/home/woody/iwnt/iwnt196h/Farhad_Vaseghi_MA/third_party/physical_lens_soiling/add_droplet_distort.py:137: FutureWarning: `estimate` is deprecated since version 0.26 and will be removed in version 2.2. Please use `PiecewiseAffineTransform.from_estimate` class constructor instead.
  affin.estimate(to_points,from_points)
/home/woody/iwnt/iwnt196h/Farhad_Vaseghi_MA/third_party/physical_lens_soiling/add_droplet_distort.py:223: FutureWarning: `estimate` is deprecated since version 0.26 and will be removed in version 2.2. Please use `PiecewiseAffineTransform.from_estimate` class constructor instead.
  affin.estimate(from_points,to_points)
/home/woody/iwnt/iwnt196h/Farhad_Vaseghi_MA/third_party/physical_lens_soiling/add_droplet_distort.py:223: FutureWarning: `estimate` is deprecated since version 0.26 and will be removed in version 2.2. Please use `PiecewiseAffineTransform.from_estimate` class constructor instead.
  affin.estimate(from_points,to_points)
50/1000 source photos done
100/1000 source photos done
150/1000 source photos done
200/1000 source photos done
250/1000 source photos done
300/1000 source photos done
350/1000 source photos done
400/1000 source photos done
450/1000 source photos done
500/1000 source photos done
550/1000 source photos done
600/1000 source photos done
650/1000 source photos done
700/1000 source photos done
750/1000 source photos done
800/1000 source photos done
850/1000 source photos done
900/1000 source photos done
950/1000 source photos done
1000/1000 source photos done
wrote 14000 images to data/processed/visible_1835773 in 3484s
train: 11200 images, clean 843, with dirt/water/scratch {'dirt': 4797, 'water': 4800, 'scratch': 4734}
val: 1400 images, clean 104, with dirt/water/scratch {'dirt': 599, 'water': 600, 'scratch': 593}
test: 1400 images, clean 100, with dirt/water/scratch {'dirt': 600, 'water': 600, 'scratch': 597}
=== JOB_STATISTICS ===
=== current date     : Fri Oct  9 03:04:24 PM CEST 2026
= Job-ID             : 1835773 on tinygpu
= Job-Name           : build_visible
= Job-Command        : /home/woody/iwnt/iwnt196h/Farhad_Vaseghi_MA/scripts/hpc/run_shell.slurm
= Initial workdir    : /home/woody/iwnt/iwnt196h/Farhad_Vaseghi_MA
= Queue/Partition    : work
= Slurm account      : iwnt with QOS=normal
= Requested resources:  for 03:00:00
= Elapsed runtime    : 00:58:10
= Total RAM usage    : 1.9 GiB of requested  GiB (%)   
= Node list          : tg080
= Subm/Elig/Start/End: 2026-10-09T13:25:31 / 2026-10-09T13:25:31 / 2026-10-09T14:06:14 / 2026-10-09T15:04:24
======================
=== Quota infos ======
    Path                 Used     SoftQ    HardQ    Gracetime  Filec    FileQ    FiHaQ    FileGrace    
    /home/woody            21.0G  1000.0G  1500.0G        N/A     171K   5,000K   7,500K        N/A    
    /home/hpc               8.2G   104.9G   209.7G        N/A   1,699      300K     400K        N/A    
    /home/vault             0.0K  1048.6G  2097.2G        N/A       1      200K     400K        N/A    
======================
=== GPU utilization ==
gpu_name, gpu_bus_id, pid, gpu_utilization [%], mem_utilization [%], max_memory_usage [MiB], time [ms]
