### Starting TaskPrologue of job 1822359 on tg092 at Sat Sep 26 12:39:07 AM CEST 2026
Running on cores 96-127 with governor ondemand
Sat Sep 26 00:39:07 2026       
+-----------------------------------------------------------------------------------------+
| NVIDIA-SMI 615.71.09              KMD Version: 615.71.09     CUDA UMD Version: 13.4     |
+-----------------------------------------+------------------------+----------------------+
| GPU  Name                 Persistence-M | Bus-Id          Disp.A | Volatile Uncorr. ECC |
| Fan  Temp   Perf          Pwr:Usage/Cap |           Memory-Usage | GPU-Util  Compute M. |
|                                         |                        |               MIG M. |
|=========================================+========================+======================|
|   0  NVIDIA A100-SXM4-40GB          On  |   00000000:C1:00.0 Off |                    0 |
| N/A   32C    P0             51W /  400W |       0MiB /  40960MiB |      0%      Default |
|                                         |                        |             Disabled |
+-----------------------------------------+------------------------+----------------------+

+-----------------------------------------------------------------------------------------+
| Processes:                                                                              |
|  GPU   GI   CI              PID   Type   Process name                        GPU Memory |
|        ID   ID                                                               Usage      |
|=========================================================================================|
|  No running processes found                                                             |
+-----------------------------------------------------------------------------------------+
### Finished TaskPrologue

/home/woody/iwnt/iwnt196h/software/private/conda/envs/stage_a/lib/python3.11/site-packages/pythonperlin/__init__.py:4: UserWarning: pkg_resources is deprecated as an API. See https://setuptools.pypa.io/en/latest/pkg_resources.html. The pkg_resources package is slated for removal as early as 2025-11-30. Refrain from using this package or pin to Setuptools<81.
  from pkg_resources import get_distribution
train=11200 val=1400 loss=focal alpha=0.75 gamma=2.0
epoch 1/40  train_loss=0.0300  val_loss=0.0280  (79.4s)
epoch 2/40  train_loss=0.0273  val_loss=0.0273  (66.1s)
epoch 3/40  train_loss=0.0268  val_loss=0.0271  (64.4s)
epoch 4/40  train_loss=0.0266  val_loss=0.0269  (60.8s)
epoch 5/40  train_loss=0.0265  val_loss=0.0268  (60.8s)
epoch 6/40  train_loss=0.0264  val_loss=0.0272  (61.3s)
epoch 7/40  train_loss=0.0263  val_loss=0.0269  (61.4s)
epoch 8/40  train_loss=0.0262  val_loss=0.0267  (61.3s)
epoch 9/40  train_loss=0.0262  val_loss=0.0269  (61.0s)
epoch 10/40  train_loss=0.0261  val_loss=0.0266  (61.1s)
epoch 11/40  train_loss=0.0261  val_loss=0.0269  (60.7s)
epoch 12/40  train_loss=0.0261  val_loss=0.0267  (61.1s)
epoch 13/40  train_loss=0.0261  val_loss=0.0268  (60.9s)
epoch 14/40  train_loss=0.0261  val_loss=0.0266  (60.8s)
epoch 15/40  train_loss=0.0261  val_loss=0.0268  (60.6s)
epoch 16/40  train_loss=0.0261  val_loss=0.0267  (61.0s)
epoch 17/40  train_loss=0.0260  val_loss=0.0268  (60.9s)
epoch 18/40  train_loss=0.0261  val_loss=0.0268  (61.0s)
epoch 19/40  train_loss=0.0261  val_loss=0.0267  (60.9s)
epoch 20/40  train_loss=0.0261  val_loss=0.0268  (60.8s)
epoch 21/40  train_loss=0.0261  val_loss=0.0266  (60.9s)
epoch 22/40  train_loss=0.0261  val_loss=0.0269  (61.0s)
epoch 23/40  train_loss=0.0261  val_loss=0.0266  (61.1s)
epoch 24/40  train_loss=0.0261  val_loss=0.0266  (61.0s)
epoch 25/40  train_loss=0.0260  val_loss=0.0267  (61.2s)
epoch 26/40  train_loss=0.0261  val_loss=0.0268  (61.2s)
epoch 27/40  train_loss=0.0260  val_loss=0.0266  (60.1s)
epoch 28/40  train_loss=0.0260  val_loss=0.0266  (60.6s)
epoch 29/40  train_loss=0.0261  val_loss=0.0266  (60.2s)
epoch 30/40  train_loss=0.0261  val_loss=0.0267  (60.5s)
epoch 31/40  train_loss=0.0261  val_loss=0.0268  (60.7s)
epoch 32/40  train_loss=0.0260  val_loss=0.0267  (61.1s)
epoch 33/40  train_loss=0.0260  val_loss=0.0268  (60.4s)
epoch 34/40  train_loss=0.0261  val_loss=0.0267  (60.4s)
epoch 35/40  train_loss=0.0260  val_loss=0.0267  (61.1s)
epoch 36/40  train_loss=0.0260  val_loss=0.0266  (61.0s)
epoch 37/40  train_loss=0.0260  val_loss=0.0266  (63.6s)
epoch 38/40  train_loss=0.0260  val_loss=0.0268  (65.2s)
epoch 39/40  train_loss=0.0260  val_loss=0.0266  (66.2s)
epoch 40/40  train_loss=0.0260  val_loss=0.0267  (65.9s)
wrote checkpoints/stage_b_severity/stage_b_head.pt
=== JOB_STATISTICS ===
=== current date     : Sat Sep 26 01:20:42 AM CEST 2026
= Job-ID             : 1822359 on tinygpu
= Job-Name           : stage_b_severity
= Job-Command        : /home/woody/iwnt/iwnt196h/Farhad_Vaseghi_MA/scripts/hpc/train_stage_b_severity_a100.slurm
= Initial workdir    : /home/woody/iwnt/iwnt196h/Farhad_Vaseghi_MA
= Queue/Partition    : a100
= Slurm account      : iwnt with QOS=normal
= Requested resources:  for 06:00:00
= Elapsed runtime    : 00:41:36
= Total RAM usage    : 2.3 GiB of requested  GiB (%)   
= Node list          : tg092
= Subm/Elig/Start/End: 2026-09-26T00:39:05 / 2026-09-26T00:39:05 / 2026-09-26T00:39:06 / 2026-09-26T01:20:42
======================
=== Quota infos ======
    Path                 Used     SoftQ    HardQ    Gracetime  Filec    FileQ    FiHaQ    FileGrace    
    /home/hpc               6.0G   104.9G   209.7G        N/A   1,449      500K   1,000K        N/A    
    /home/woody             9.4G  1000.0G  1500.0G        N/A      91K   5,000K   7,500K        N/A    
    /home/vault             0.0K  1048.6G  2097.2G        N/A       1      200K     400K        N/A    
======================
=== GPU utilization ==
gpu_name, gpu_bus_id, pid, gpu_utilization [%], mem_utilization [%], max_memory_usage [MiB], time [ms]
NVIDIA A100-SXM4-40GB, 00000000:C1:00.0, 3000314, 23 %, 14 %, 2180 MiB, 2484567 ms
