### Starting TaskPrologue of job 1815701 on tg085 at Fri Sep 18 03:08:44 AM CEST 2026
Running on cores 10-11,26-27,42-43,58-59 with governor powersave
Fri Sep 18 03:08:44 2026       
+-----------------------------------------------------------------------------------------+
| NVIDIA-SMI 610.57.04              KMD Version: 610.57.04     CUDA UMD Version: 13.3     |
+-----------------------------------------+------------------------+----------------------+
| GPU  Name                 Persistence-M | Bus-Id          Disp.A | Volatile Uncorr. ECC |
| Fan  Temp   Perf          Pwr:Usage/Cap |           Memory-Usage | GPU-Util  Compute M. |
|                                         |                        |               MIG M. |
|=========================================+========================+======================|
|   0  NVIDIA GeForce RTX 3080        On  |   00000000:B2:00.0 Off |                  N/A |
| 31%   51C    P5             53W /  300W |       1MiB /  10240MiB |      0%      Default |
|                                         |                        |                  N/A |
+-----------------------------------------+------------------------+----------------------+

+-----------------------------------------------------------------------------------------+
| Processes:                                                                              |
|  GPU   GI   CI              PID   Type   Process name                        GPU Memory |
|        ID   ID                                                               Usage      |
|=========================================================================================|
|  No running processes found                                                             |
+-----------------------------------------------------------------------------------------+
### Finished TaskPrologue

/home/woody/iwnt/iwnt196h/software/private/conda/envs/stage_a/lib/python3.11/site-packages/pythonperlin/__init__.py:4: UserWarning: pkg_resources is deprecated as an API. See https://setuptools.pypa.io/en/latest/pkg_resources.html. The pkg_resources package is slated for removal as early as 2025-11-30. Refrain from using this package or pin to Setuptools<81.
  from pkg_resources import get_distribution
train=6400 val=800 loss=focal alpha=0.75 gamma=2.0
epoch 1/40  train_loss=0.0334  val_loss=0.0300  (77.5s)
epoch 2/40  train_loss=0.0286  val_loss=0.0285  (53.6s)
epoch 3/40  train_loss=0.0276  val_loss=0.0279  (53.3s)
epoch 4/40  train_loss=0.0271  val_loss=0.0278  (52.3s)
epoch 5/40  train_loss=0.0268  val_loss=0.0273  (50.7s)
epoch 6/40  train_loss=0.0266  val_loss=0.0271  (48.5s)
epoch 7/40  train_loss=0.0264  val_loss=0.0272  (48.4s)
epoch 8/40  train_loss=0.0263  val_loss=0.0271  (48.6s)
epoch 9/40  train_loss=0.0262  val_loss=0.0270  (48.6s)
epoch 10/40  train_loss=0.0262  val_loss=0.0269  (48.8s)
epoch 11/40  train_loss=0.0261  val_loss=0.0271  (48.6s)
epoch 12/40  train_loss=0.0261  val_loss=0.0270  (49.0s)
epoch 13/40  train_loss=0.0260  val_loss=0.0267  (49.1s)
epoch 14/40  train_loss=0.0260  val_loss=0.0267  (49.4s)
epoch 15/40  train_loss=0.0260  val_loss=0.0269  (49.0s)
epoch 16/40  train_loss=0.0260  val_loss=0.0269  (48.4s)
epoch 17/40  train_loss=0.0260  val_loss=0.0270  (48.6s)
epoch 18/40  train_loss=0.0259  val_loss=0.0268  (48.3s)
epoch 19/40  train_loss=0.0259  val_loss=0.0267  (49.5s)
epoch 20/40  train_loss=0.0259  val_loss=0.0266  (48.2s)
epoch 21/40  train_loss=0.0259  val_loss=0.0266  (48.4s)
epoch 22/40  train_loss=0.0259  val_loss=0.0269  (48.2s)
epoch 23/40  train_loss=0.0258  val_loss=0.0266  (49.0s)
epoch 24/40  train_loss=0.0259  val_loss=0.0268  (48.1s)
epoch 25/40  train_loss=0.0259  val_loss=0.0266  (48.3s)
epoch 26/40  train_loss=0.0258  val_loss=0.0269  (48.3s)
epoch 27/40  train_loss=0.0259  val_loss=0.0267  (48.7s)
epoch 28/40  train_loss=0.0258  val_loss=0.0266  (48.6s)
epoch 29/40  train_loss=0.0258  val_loss=0.0267  (49.8s)
epoch 30/40  train_loss=0.0258  val_loss=0.0267  (48.8s)
epoch 31/40  train_loss=0.0258  val_loss=0.0268  (48.7s)
epoch 32/40  train_loss=0.0258  val_loss=0.0268  (48.4s)
epoch 33/40  train_loss=0.0259  val_loss=0.0267  (48.3s)
epoch 34/40  train_loss=0.0258  val_loss=0.0267  (48.4s)
epoch 35/40  train_loss=0.0258  val_loss=0.0266  (56.0s)
epoch 36/40  train_loss=0.0258  val_loss=0.0268  (57.1s)
epoch 37/40  train_loss=0.0258  val_loss=0.0267  (56.9s)
epoch 38/40  train_loss=0.0258  val_loss=0.0267  (57.8s)
epoch 39/40  train_loss=0.0258  val_loss=0.0268  (56.8s)
epoch 40/40  train_loss=0.0258  val_loss=0.0268  (57.1s)
wrote checkpoints/stage_b_combo/stage_b_head.pt
=== JOB_STATISTICS ===
=== current date     : Fri Sep 18 03:43:00 AM CEST 2026
= Job-ID             : 1815701 on tinygpu
= Job-Name           : stage_b_combo
= Job-Command        : /home/woody/iwnt/iwnt196h/Farhad_Vaseghi_MA/scripts/hpc/train_stage_b_combo.slurm
= Initial workdir    : /home/woody/iwnt/iwnt196h/Farhad_Vaseghi_MA
= Queue/Partition    : rtx3080
= Slurm account      : iwnt with QOS=normal
= Requested resources:  for 06:00:00
= Elapsed runtime    : 00:34:19
= Total RAM usage    : 2.3 GiB of requested  GiB (%)   
= Node list          : tg085
= Subm/Elig/Start/End: 2026-09-18T03:02:22 / 2026-09-18T03:02:22 / 2026-09-18T03:08:41 / 2026-09-18T03:43:00
======================
=== Quota infos ======
    Path                 Used     SoftQ    HardQ    Gracetime  Filec    FileQ    FiHaQ    FileGrace    
    /home/woody             8.6G  1000.0G  1500.0G        N/A      78K   5,000K   7,500K        N/A    
    /home/hpc               6.0G   104.9G   209.7G        N/A   1,449      500K   1,000K        N/A    
    /home/vault             0.0K  1048.6G  2097.2G        N/A       1      200K     400K        N/A    
======================
=== GPU utilization ==
gpu_name, gpu_bus_id, pid, gpu_utilization [%], mem_utilization [%], max_memory_usage [MiB], time [ms]
NVIDIA GeForce RTX 3080, 00000000:B2:00.0, 2494220, 14 %, 2 %, 8360 MiB, 2425046 ms
NVIDIA GeForce RTX 3080, 00000000:B2:00.0, 2497340, 35 %, 23 %, 1940 MiB, 2046358 ms
