### Starting TaskPrologue of job 1823220 on tg083 at Sat Sep 26 11:11:49 PM CEST 2026
Running on cores 0-1,16-17,32-33,48-49 with governor powersave
Sat Sep 26 23:11:49 2026       
+-----------------------------------------------------------------------------------------+
| NVIDIA-SMI 610.57.04              KMD Version: 610.57.04     CUDA UMD Version: 13.3     |
+-----------------------------------------+------------------------+----------------------+
| GPU  Name                 Persistence-M | Bus-Id          Disp.A | Volatile Uncorr. ECC |
| Fan  Temp   Perf          Pwr:Usage/Cap |           Memory-Usage | GPU-Util  Compute M. |
|                                         |                        |               MIG M. |
|=========================================+========================+======================|
|   0  NVIDIA GeForce RTX 3080        On  |   00000000:1A:00.0 Off |                  N/A |
| 30%   45C    P8             18W /  300W |       1MiB /  10240MiB |      0%      Default |
|                                         |                        |                  N/A |
+-----------------------------------------+------------------------+----------------------+

+-----------------------------------------------------------------------------------------+
| Processes:                                                                              |
|  GPU   GI   CI              PID   Type   Process name                        GPU Memory |
|        ID   ID                                                               Usage      |
|=========================================================================================|
|  No running processes found                                                             |
+-----------------------------------------------------------------------------------------+
### Finished TaskPrologue

/home/woody/iwnt/iwnt196h/software/private/conda/envs/stage_a/lib/python3.11/site-packages/pythonperlin/__init__.py:4: UserWarning: pkg_resources is deprecated as an API. See https://setuptools.pypa.io/en/latest/pkg_resources.html. The pkg_resources package is slated for removal as early as 2025-11-30. Refrain from using this package or pin to Setuptools<81.
  from pkg_resources import get_distribution
train=11200 val=1400 taps=(8, 16, 32) pos_weight=[1.3333333730697632, 1.3333333730697632, 1.3333333730697632]
epoch 1/20  train_loss=0.5781  val_loss=0.4812  (58.2s)  *saved
epoch 2/20  train_loss=0.4411  val_loss=0.4049  (54.7s)  *saved
epoch 3/20  train_loss=0.3865  val_loss=0.3768  (54.6s)  *saved
epoch 4/20  train_loss=0.3552  val_loss=0.3387  (53.9s)  *saved
epoch 5/20  train_loss=0.3330  val_loss=0.3434  (54.3s)
epoch 6/20  train_loss=0.3186  val_loss=0.3378  (55.0s)  *saved
epoch 7/20  train_loss=0.3050  val_loss=0.3031  (53.5s)  *saved
epoch 8/20  train_loss=0.2932  val_loss=0.2927  (54.1s)  *saved
epoch 9/20  train_loss=0.2837  val_loss=0.2940  (54.1s)
epoch 10/20  train_loss=0.2758  val_loss=0.2775  (54.6s)  *saved
epoch 11/20  train_loss=0.2672  val_loss=0.2879  (54.3s)
epoch 12/20  train_loss=0.2608  val_loss=0.2789  (54.3s)
epoch 13/20  train_loss=0.2577  val_loss=0.2875  (52.9s)
epoch 14/20  train_loss=0.2513  val_loss=0.2718  (52.8s)  *saved
epoch 15/20  train_loss=0.2469  val_loss=0.2775  (52.4s)
epoch 16/20  train_loss=0.2385  val_loss=0.2690  (52.7s)  *saved
epoch 17/20  train_loss=0.2408  val_loss=0.2601  (52.5s)  *saved
epoch 18/20  train_loss=0.2329  val_loss=0.2695  (52.7s)
epoch 19/20  train_loss=0.2313  val_loss=0.2539  (52.4s)  *saved
epoch 20/20  train_loss=0.2287  val_loss=0.2489  (52.4s)  *saved
wrote checkpoints/study/a_t8-16-32/stage_a_head.pt (best val_loss=0.2489)
/home/woody/iwnt/iwnt196h/software/private/conda/envs/stage_a/lib/python3.11/site-packages/pythonperlin/__init__.py:4: UserWarning: pkg_resources is deprecated as an API. See https://setuptools.pypa.io/en/latest/pkg_resources.html. The pkg_resources package is slated for removal as early as 2025-11-30. Refrain from using this package or pin to Setuptools<81.
  from pkg_resources import get_distribution
Tuned per-class thresholds (best-F1 on val split):
  dirt      0.619
  water     0.454
  scratch   0.445
Evaluated 1400 images from split='val', threshold=tuned per-class
class      threshold precision    recall        f1        AP   ROC-AUC   support
dirt           0.619     0.969     0.883     0.924     0.977     0.978       600
water          0.454     0.960     0.918     0.939     0.983     0.982       600
scratch        0.445     0.827     0.893     0.859     0.940     0.944       600

Per-severity breakdown:
class     severity   threshold precision    recall        f1        AP   ROC-AUC   support
dirt      low            0.619     0.896     0.710     0.792     0.870     0.944       207
dirt      medium         0.619     0.917     0.959     0.937     0.980     0.993       195
dirt      high           0.619     0.920     0.990     0.954     0.995     0.999       198
water     low            0.454     0.874     0.784     0.827     0.908     0.958       204
water     medium         0.454     0.892     0.984     0.936     0.994     0.998       192
water     high           0.454     0.898     0.990     0.942     0.991     0.990       204
scratch   low            0.445     0.600     0.808     0.689     0.776     0.902       208
scratch   medium         0.445     0.619     0.915     0.738     0.908     0.959       199
scratch   high           0.445     0.624     0.964     0.758     0.936     0.974       193
=== JOB_STATISTICS ===
=== current date     : Sat Sep 26 11:30:35 PM CEST 2026
= Job-ID             : 1823220 on tinygpu
= Job-Name           : a_t8-16-32
= Job-Command        : /home/woody/iwnt/iwnt196h/Farhad_Vaseghi_MA/scripts/hpc/run_shell.slurm
= Initial workdir    : /home/woody/iwnt/iwnt196h/Farhad_Vaseghi_MA
= Queue/Partition    : work
= Slurm account      : iwnt with QOS=normal
= Requested resources:  for 03:00:00
= Elapsed runtime    : 00:18:49
= Total RAM usage    : 4.3 GiB of requested  GiB (%)   
= Node list          : tg083
= Subm/Elig/Start/End: 2026-09-26T22:41:51 / 2026-09-26T22:41:51 / 2026-09-26T23:11:45 / 2026-09-26T23:30:34
======================
=== Quota infos ======
    Path                 Used     SoftQ    HardQ    Gracetime  Filec    FileQ    FiHaQ    FileGrace    
    /home/woody            10.5G  1000.0G  1500.0G        N/A     101K   5,000K   7,500K        N/A    
    /home/hpc               6.0G   104.9G   209.7G        N/A   1,449      500K   1,000K        N/A    
    /home/vault             0.0K  1048.6G  2097.2G        N/A       1      200K     400K        N/A    
======================
=== GPU utilization ==
gpu_name, gpu_bus_id, pid, gpu_utilization [%], mem_utilization [%], max_memory_usage [MiB], time [ms]
NVIDIA GeForce RTX 3080, 00000000:1A:00.0, 969898, 89 %, 60 %, 3268 MiB, 1081316 ms
NVIDIA GeForce RTX 3080, 00000000:1A:00.0, 969897, 34 %, 23 %, 5306 MiB, 30839 ms
