### Starting TaskPrologue of job 1822358 on tg092 at Sat Sep 26 12:39:07 AM CEST 2026
Running on cores 32-63 with governor ondemand
Sat Sep 26 00:39:07 2026       
+-----------------------------------------------------------------------------------------+
| NVIDIA-SMI 615.71.09              KMD Version: 615.71.09     CUDA UMD Version: 13.4     |
+-----------------------------------------+------------------------+----------------------+
| GPU  Name                 Persistence-M | Bus-Id          Disp.A | Volatile Uncorr. ECC |
| Fan  Temp   Perf          Pwr:Usage/Cap |           Memory-Usage | GPU-Util  Compute M. |
|                                         |                        |               MIG M. |
|=========================================+========================+======================|
|   0  NVIDIA A100-SXM4-40GB          On  |   00000000:81:00.0 Off |                    0 |
| N/A   33C    P0             54W /  400W |       0MiB /  40960MiB |      0%      Default |
|                                         |                        |             Disabled |
+-----------------------------------------+------------------------+----------------------+

+-----------------------------------------------------------------------------------------+
| Processes:                                                                              |
|  GPU   GI   CI              PID   Type   Process name                        GPU Memory |
|        ID   ID                                                               Usage      |
|=========================================================================================|
|  No running processes found                                                             |
+-----------------------------------------------------------------------------------------+
### Finished TaskPrologue

/home/woody/iwnt/iwnt196h/software/private/conda/envs/stage_a/lib/python3.11/site-packages/pythonperlin/__init__.py:4: UserWarning: pkg_resources is deprecated as an API. See https://setuptools.pypa.io/en/latest/pkg_resources.html. The pkg_resources package is slated for removal as early as 2025-11-30. Refrain from using this package or pin to Setuptools<81.
  from pkg_resources import get_distribution
train=11200 val=1400 pos_weight=[1.3333333730697632, 1.3333333730697632, 1.3333333730697632]
epoch 1/20  train_loss=0.5951  val_loss=0.5083  (89.5s)
epoch 2/20  train_loss=0.4770  val_loss=0.4637  (79.3s)
epoch 3/20  train_loss=0.4409  val_loss=0.4421  (79.2s)
epoch 4/20  train_loss=0.4211  val_loss=0.4176  (78.8s)
epoch 5/20  train_loss=0.4034  val_loss=0.4196  (80.6s)
epoch 6/20  train_loss=0.3961  val_loss=0.4250  (78.4s)
epoch 7/20  train_loss=0.3862  val_loss=0.4124  (79.1s)
epoch 8/20  train_loss=0.3763  val_loss=0.3994  (79.2s)
epoch 9/20  train_loss=0.3696  val_loss=0.4053  (80.4s)
epoch 10/20  train_loss=0.3635  val_loss=0.3893  (79.5s)
epoch 11/20  train_loss=0.3592  val_loss=0.3903  (78.8s)
epoch 12/20  train_loss=0.3529  val_loss=0.3694  (79.1s)
epoch 13/20  train_loss=0.3445  val_loss=0.3859  (79.6s)
epoch 14/20  train_loss=0.3432  val_loss=0.3672  (79.0s)
epoch 15/20  train_loss=0.3383  val_loss=0.3564  (78.6s)
epoch 16/20  train_loss=0.3321  val_loss=0.3603  (79.6s)
epoch 17/20  train_loss=0.3293  val_loss=0.4061  (78.7s)
epoch 18/20  train_loss=0.3291  val_loss=0.3559  (79.0s)
epoch 19/20  train_loss=0.3223  val_loss=0.3583  (78.9s)
epoch 20/20  train_loss=0.3169  val_loss=0.3521  (81.2s)
wrote checkpoints/stage_a_severity/stage_a_head.pt
=== JOB_STATISTICS ===
=== current date     : Sat Sep 26 01:05:59 AM CEST 2026
= Job-ID             : 1822358 on tinygpu
= Job-Name           : stage_a_severity
= Job-Command        : /home/woody/iwnt/iwnt196h/Farhad_Vaseghi_MA/scripts/hpc/train_stage_a_severity_a100.slurm
= Initial workdir    : /home/woody/iwnt/iwnt196h/Farhad_Vaseghi_MA
= Queue/Partition    : a100
= Slurm account      : iwnt with QOS=normal
= Requested resources:  for 06:00:00
= Elapsed runtime    : 00:26:53
= Total RAM usage    : 2.4 GiB of requested  GiB (%)   
= Node list          : tg092
= Subm/Elig/Start/End: 2026-09-26T00:39:05 / 2026-09-26T00:39:05 / 2026-09-26T00:39:06 / 2026-09-26T01:05:59
======================
=== Quota infos ======
    Path                 Used     SoftQ    HardQ    Gracetime  Filec    FileQ    FiHaQ    FileGrace    
    /home/hpc               6.0G   104.9G   209.7G        N/A   1,449      500K   1,000K        N/A    
    /home/woody             9.4G  1000.0G  1500.0G        N/A      91K   5,000K   7,500K        N/A    
    /home/vault             0.0K  1048.6G  2097.2G        N/A       1      200K     400K        N/A    
======================
=== GPU utilization ==
gpu_name, gpu_bus_id, pid, gpu_utilization [%], mem_utilization [%], max_memory_usage [MiB], time [ms]
NVIDIA A100-SXM4-40GB, 00000000:81:00.0, 3000313, 28 %, 17 %, 3098 MiB, 1602045 ms
