### Starting TaskPrologue of job 1799134 on tg083 at Tue Sep  1 11:06:58 AM CEST 2026
Running on cores 14-15,30-31,46-47,62-63 with governor powersave
Tue Sep  1 11:06:58 2026       
+-----------------------------------------------------------------------------------------+
| NVIDIA-SMI 610.57.04              KMD Version: 610.57.04     CUDA UMD Version: 13.3     |
+-----------------------------------------+------------------------+----------------------+
| GPU  Name                 Persistence-M | Bus-Id          Disp.A | Volatile Uncorr. ECC |
| Fan  Temp   Perf          Pwr:Usage/Cap |           Memory-Usage | GPU-Util  Compute M. |
|                                         |                        |               MIG M. |
|=========================================+========================+======================|
|   0  NVIDIA GeForce RTX 3080        On  |   00000000:DB:00.0 Off |                  N/A |
| 30%   31C    P8              1W /  300W |       1MiB /  10240MiB |      0%      Default |
|                                         |                        |                  N/A |
+-----------------------------------------+------------------------+----------------------+

+-----------------------------------------------------------------------------------------+
| Processes:                                                                              |
|  GPU   GI   CI              PID   Type   Process name                        GPU Memory |
|        ID   ID                                                               Usage      |
|=========================================================================================|
|  No running processes found                                                             |
+-----------------------------------------------------------------------------------------+
### Finished TaskPrologue

/home/woody/iwnt/iwnt196h/software/private/conda/envs/stage_a/lib/python3.11/site-packages/pythonperlin/__init__.py:4: UserWarning: pkg_resources is deprecated as an API. See https://setuptools.pypa.io/en/latest/pkg_resources.html. The pkg_resources package is slated for removal as early as 2025-11-30. Refrain from using this package or pin to Setuptools<81.
  from pkg_resources import get_distribution
train=3200 val=400 loss=focal alpha=0.25 gamma=2.0
epoch 1/40  train_loss=0.0263  val_loss=0.0187  (42.3s)
epoch 2/40  train_loss=0.0171  val_loss=0.0166  (32.3s)
epoch 3/40  train_loss=0.0155  val_loss=0.0157  (29.2s)
epoch 4/40  train_loss=0.0147  val_loss=0.0151  (31.9s)
epoch 5/40  train_loss=0.0142  val_loss=0.0146  (28.2s)
epoch 6/40  train_loss=0.0138  val_loss=0.0143  (30.6s)
epoch 7/40  train_loss=0.0135  val_loss=0.0141  (28.3s)
epoch 8/40  train_loss=0.0133  val_loss=0.0139  (28.2s)
epoch 9/40  train_loss=0.0131  val_loss=0.0138  (28.2s)
epoch 10/40  train_loss=0.0130  val_loss=0.0137  (26.8s)
epoch 11/40  train_loss=0.0129  val_loss=0.0136  (25.9s)
epoch 12/40  train_loss=0.0128  val_loss=0.0137  (26.1s)
epoch 13/40  train_loss=0.0127  val_loss=0.0134  (26.3s)
epoch 14/40  train_loss=0.0126  val_loss=0.0134  (26.0s)
epoch 15/40  train_loss=0.0125  val_loss=0.0135  (26.1s)
epoch 16/40  train_loss=0.0125  val_loss=0.0133  (26.3s)
epoch 17/40  train_loss=0.0124  val_loss=0.0134  (29.8s)
epoch 18/40  train_loss=0.0124  val_loss=0.0133  (26.0s)
epoch 19/40  train_loss=0.0124  val_loss=0.0133  (26.2s)
epoch 20/40  train_loss=0.0123  val_loss=0.0133  (26.0s)
epoch 21/40  train_loss=0.0123  val_loss=0.0132  (26.0s)
epoch 22/40  train_loss=0.0123  val_loss=0.0131  (26.0s)
epoch 23/40  train_loss=0.0122  val_loss=0.0132  (26.0s)
epoch 24/40  train_loss=0.0123  val_loss=0.0132  (26.0s)
epoch 25/40  train_loss=0.0121  val_loss=0.0131  (26.0s)
epoch 26/40  train_loss=0.0122  val_loss=0.0132  (25.9s)
epoch 27/40  train_loss=0.0121  val_loss=0.0130  (26.2s)
epoch 28/40  train_loss=0.0121  val_loss=0.0130  (26.0s)
epoch 29/40  train_loss=0.0121  val_loss=0.0132  (30.6s)
epoch 30/40  train_loss=0.0121  val_loss=0.0129  (26.4s)
epoch 31/40  train_loss=0.0121  val_loss=0.0133  (26.1s)
epoch 32/40  train_loss=0.0121  val_loss=0.0130  (26.0s)
epoch 33/40  train_loss=0.0120  val_loss=0.0130  (25.9s)
epoch 34/40  train_loss=0.0121  val_loss=0.0129  (26.1s)
epoch 35/40  train_loss=0.0120  val_loss=0.0129  (26.0s)
epoch 36/40  train_loss=0.0121  val_loss=0.0130  (26.0s)
epoch 37/40  train_loss=0.0120  val_loss=0.0129  (26.0s)
epoch 38/40  train_loss=0.0120  val_loss=0.0131  (25.9s)
epoch 39/40  train_loss=0.0120  val_loss=0.0130  (27.2s)
epoch 40/40  train_loss=0.0120  val_loss=0.0130  (29.0s)
wrote checkpoints/stage_b/stage_b_head.pt
=== JOB_STATISTICS ===
=== current date     : Tue Sep  1 11:25:35 AM CEST 2026
= Job-ID             : 1799134 on tinygpu
= Job-Name           : stage_b
= Job-Command        : /home/woody/iwnt/iwnt196h/Farhad_Vaseghi_MA/scripts/hpc/train_stage_b.slurm
= Initial workdir    : /home/woody/iwnt/iwnt196h/Farhad_Vaseghi_MA
= Queue/Partition    : rtx3080
= Slurm account      : iwnt with QOS=normal
= Requested resources:  for 06:00:00
= Elapsed runtime    : 00:18:38
= Total RAM usage    : 2.0 GiB of requested  GiB (%)   
= Node list          : tg083
= Subm/Elig/Start/End: 2026-08-31T02:43:32 / 2026-08-31T02:43:32 / 2026-09-01T11:06:57 / 2026-09-01T11:25:35
======================
=== Quota infos ======
    Path                 Used     SoftQ    HardQ    Gracetime  Filec    FileQ    FiHaQ    FileGrace    
    /home/woody             7.5G  1000.0G  1500.0G        N/A      55K   5,000K   7,500K        N/A    
    /home/hpc               5.8G   104.9G   209.7G        N/A   1,304      500K   1,000K        N/A    
    /home/vault             0.0K  1048.6G  2097.2G        N/A       1      200K     400K        N/A    
======================
=== GPU utilization ==
gpu_name, gpu_bus_id, pid, gpu_utilization [%], mem_utilization [%], max_memory_usage [MiB], time [ms]
NVIDIA GeForce RTX 3080, 00000000:DB:00.0, 29422, 32 %, 21 %, 1940 MiB, 1105921 ms
