### Starting TaskPrologue of job 1815542 on tg085 at Thu Sep 17 09:50:02 PM CEST 2026
Running on cores 6-7,22-23,38-39,54-55 with governor powersave
Thu Sep 17 21:50:02 2026       
+-----------------------------------------------------------------------------------------+
| NVIDIA-SMI 610.57.04              KMD Version: 610.57.04     CUDA UMD Version: 13.3     |
+-----------------------------------------+------------------------+----------------------+
| GPU  Name                 Persistence-M | Bus-Id          Disp.A | Volatile Uncorr. ECC |
| Fan  Temp   Perf          Pwr:Usage/Cap |           Memory-Usage | GPU-Util  Compute M. |
|                                         |                        |               MIG M. |
|=========================================+========================+======================|
|   0  NVIDIA GeForce RTX 3080        On  |   00000000:3E:00.0 Off |                  N/A |
| 30%   42C    P8             17W /  300W |       1MiB /  10240MiB |      0%      Default |
|                                         |                        |                  N/A |
+-----------------------------------------+------------------------+----------------------+

+-----------------------------------------------------------------------------------------+
| Processes:                                                                              |
|  GPU   GI   CI              PID   Type   Process name                        GPU Memory |
|        ID   ID                                                               Usage      |
|=========================================================================================|
|  No running processes found                                                             |
+-----------------------------------------------------------------------------------------+
### Finished TaskPrologue

/home/woody/iwnt/iwnt196h/software/private/conda/envs/stage_a/lib/python3.11/site-packages/pythonperlin/__init__.py:4: UserWarning: pkg_resources is deprecated as an API. See https://setuptools.pypa.io/en/latest/pkg_resources.html. The pkg_resources package is slated for removal as early as 2025-11-30. Refrain from using this package or pin to Setuptools<81.
  from pkg_resources import get_distribution
train=3200 val=400 loss=ssd (localized sum of squared differences)
epoch 1/40  train_loss=61.7959  val_loss=46.6106  (70.8s)
epoch 2/40  train_loss=42.1030  val_loss=40.2323  (26.4s)
epoch 3/40  train_loss=37.5498  val_loss=37.4763  (26.3s)
epoch 4/40  train_loss=35.2333  val_loss=35.6915  (26.2s)
epoch 5/40  train_loss=33.6377  val_loss=34.3802  (26.9s)
epoch 6/40  train_loss=32.5027  val_loss=33.6966  (28.0s)
epoch 7/40  train_loss=31.6482  val_loss=32.6335  (26.1s)
epoch 8/40  train_loss=30.9449  val_loss=32.0762  (27.8s)
epoch 9/40  train_loss=30.3688  val_loss=31.7597  (27.8s)
epoch 10/40  train_loss=29.9029  val_loss=31.3147  (25.9s)
epoch 11/40  train_loss=29.5289  val_loss=30.8757  (27.7s)
epoch 12/40  train_loss=29.1630  val_loss=30.7411  (26.0s)
epoch 13/40  train_loss=28.8605  val_loss=30.4517  (25.9s)
epoch 14/40  train_loss=28.6451  val_loss=30.1617  (25.9s)
epoch 15/40  train_loss=28.4557  val_loss=30.0190  (25.9s)
epoch 16/40  train_loss=28.2405  val_loss=29.8894  (25.7s)
epoch 17/40  train_loss=28.0002  val_loss=29.8350  (25.9s)
epoch 18/40  train_loss=27.8276  val_loss=29.5609  (25.8s)
epoch 19/40  train_loss=27.6951  val_loss=29.5066  (25.9s)
epoch 20/40  train_loss=27.5900  val_loss=29.5862  (26.2s)
epoch 21/40  train_loss=27.4414  val_loss=29.5250  (26.2s)
epoch 22/40  train_loss=27.3041  val_loss=29.1420  (26.0s)
epoch 23/40  train_loss=27.1844  val_loss=29.0735  (26.3s)
epoch 24/40  train_loss=27.0872  val_loss=28.9689  (26.6s)
epoch 25/40  train_loss=27.0391  val_loss=28.9573  (26.3s)
epoch 26/40  train_loss=26.9384  val_loss=29.1747  (26.1s)
epoch 27/40  train_loss=26.8433  val_loss=28.9944  (28.0s)
epoch 28/40  train_loss=26.7875  val_loss=28.7395  (26.2s)
epoch 29/40  train_loss=26.7224  val_loss=29.2949  (26.2s)
epoch 30/40  train_loss=26.6917  val_loss=28.8623  (26.2s)
epoch 31/40  train_loss=26.6181  val_loss=28.6867  (26.3s)
epoch 32/40  train_loss=26.5183  val_loss=28.8206  (26.3s)
epoch 33/40  train_loss=26.4575  val_loss=28.5010  (26.1s)
epoch 34/40  train_loss=26.4286  val_loss=28.5140  (26.1s)
epoch 35/40  train_loss=26.3245  val_loss=28.5115  (26.0s)
epoch 36/40  train_loss=26.3383  val_loss=28.4103  (27.9s)
epoch 37/40  train_loss=26.3191  val_loss=28.4384  (26.0s)
epoch 38/40  train_loss=26.1972  val_loss=28.3780  (26.1s)
epoch 39/40  train_loss=26.1428  val_loss=28.4859  (26.1s)
epoch 40/40  train_loss=26.1789  val_loss=28.3286  (25.4s)
wrote checkpoints/stage_b_ssd/stage_b_head.pt
=== JOB_STATISTICS ===
=== current date     : Thu Sep 17 10:09:34 PM CEST 2026
= Job-ID             : 1815542 on tinygpu
= Job-Name           : stage_b_ssd
= Job-Command        : /home/woody/iwnt/iwnt196h/Farhad_Vaseghi_MA/scripts/hpc/train_stage_b_ssd.slurm
= Initial workdir    : /home/woody/iwnt/iwnt196h/Farhad_Vaseghi_MA
= Queue/Partition    : rtx3080
= Slurm account      : iwnt with QOS=normal
= Requested resources:  for 06:00:00
= Elapsed runtime    : 00:19:34
= Total RAM usage    : 2.1 GiB of requested  GiB (%)   
= Node list          : tg085
= Subm/Elig/Start/End: 2026-09-17T21:42:07 / 2026-09-17T21:42:07 / 2026-09-17T21:49:59 / 2026-09-17T22:09:33
======================
=== Quota infos ======
    Path                 Used     SoftQ    HardQ    Gracetime  Filec    FileQ    FiHaQ    FileGrace    
    /home/woody             8.3G  1000.0G  1500.0G        N/A      70K   5,000K   7,500K        N/A    
    /home/hpc               6.0G   104.9G   209.7G        N/A   1,449      500K   1,000K        N/A    
    /home/vault             0.0K  1048.6G  2097.2G        N/A       1      200K     400K        N/A    
======================
=== GPU utilization ==
gpu_name, gpu_bus_id, pid, gpu_utilization [%], mem_utilization [%], max_memory_usage [MiB], time [ms]
NVIDIA GeForce RTX 3080, 00000000:3E:00.0, 2056066, 32 %, 21 %, 1940 MiB, 1123286 ms
