### Starting TaskPrologue of job 1822993 on tg095 at Sat Sep 26 06:20:24 PM CEST 2026
Running on cores 0-31 with governor ondemand
Sat Sep 26 18:20:24 2026       
+-----------------------------------------------------------------------------------------+
| NVIDIA-SMI 610.57.04              KMD Version: 610.57.04     CUDA UMD Version: 13.3     |
+-----------------------------------------+------------------------+----------------------+
| GPU  Name                 Persistence-M | Bus-Id          Disp.A | Volatile Uncorr. ECC |
| Fan  Temp   Perf          Pwr:Usage/Cap |           Memory-Usage | GPU-Util  Compute M. |
|                                         |                        |               MIG M. |
|=========================================+========================+======================|
|   0  NVIDIA A100-SXM4-40GB          On  |   00000000:01:00.0 Off |                    0 |
| N/A   43C    P0             54W /  400W |       0MiB /  40960MiB |      0%      Default |
|                                         |                        |             Disabled |
+-----------------------------------------+------------------------+----------------------+

+-----------------------------------------------------------------------------------------+
| Processes:                                                                              |
|  GPU   GI   CI              PID   Type   Process name                        GPU Memory |
|        ID   ID                                                               Usage      |
|=========================================================================================|
|  No running processes found                                                             |
+-----------------------------------------------------------------------------------------+
### Finished TaskPrologue

/home/woody/iwnt/iwnt196h/software/private/conda/envs/stage_a/lib/python3.11/site-packages/pythonperlin/__init__.py:4: UserWarning: pkg_resources is deprecated as an API. See https://setuptools.pypa.io/en/latest/pkg_resources.html. The pkg_resources package is slated for removal as early as 2025-11-30. Refrain from using this package or pin to Setuptools<81.
  from pkg_resources import get_distribution
train=11200 val=1400 loss=focal alpha=0.75 gamma=2.0
epoch 1/40  train_loss=0.0408  val_loss=0.0361  (24.5s)  *saved
epoch 2/40  train_loss=0.0388  val_loss=0.0357  (23.5s)  *saved
epoch 3/40  train_loss=0.0385  val_loss=0.0353  (23.6s)  *saved
epoch 4/40  train_loss=0.0382  val_loss=0.0354  (26.7s)
epoch 5/40  train_loss=0.0381  val_loss=0.0350  (23.6s)  *saved
epoch 6/40  train_loss=0.0380  val_loss=0.0353  (23.7s)
epoch 7/40  train_loss=0.0378  val_loss=0.0350  (23.9s)  *saved
epoch 8/40  train_loss=0.0377  val_loss=0.0354  (23.8s)
epoch 9/40  train_loss=0.0379  val_loss=0.0352  (25.2s)
epoch 10/40  train_loss=0.0381  val_loss=0.0354  (25.1s)
epoch 11/40  train_loss=0.0380  val_loss=0.0350  (24.6s)
epoch 12/40  train_loss=0.0380  val_loss=0.0347  (24.3s)  *saved
epoch 13/40  train_loss=0.0377  val_loss=0.0353  (21.8s)
epoch 14/40  train_loss=0.0380  val_loss=0.0348  (21.0s)
epoch 15/40  train_loss=0.0377  val_loss=0.0358  (21.7s)
epoch 16/40  train_loss=0.0379  val_loss=0.0350  (21.9s)
epoch 17/40  train_loss=0.0380  val_loss=0.0353  (20.8s)
epoch 18/40  train_loss=0.0377  val_loss=0.0351  (20.7s)
epoch 19/40  train_loss=0.0378  val_loss=0.0348  (20.6s)
epoch 20/40  train_loss=0.0379  val_loss=0.0353  (20.7s)
epoch 21/40  train_loss=0.0376  val_loss=0.0355  (20.7s)
epoch 22/40  train_loss=0.0379  val_loss=0.0351  (20.8s)
epoch 23/40  train_loss=0.0378  val_loss=0.0349  (20.8s)
epoch 24/40  train_loss=0.0378  val_loss=0.0353  (20.8s)
epoch 25/40  train_loss=0.0378  val_loss=0.0350  (20.8s)
epoch 26/40  train_loss=0.0378  val_loss=0.0355  (20.8s)
epoch 27/40  train_loss=0.0377  val_loss=0.0348  (20.8s)
epoch 28/40  train_loss=0.0378  val_loss=0.0359  (20.7s)
epoch 29/40  train_loss=0.0376  val_loss=0.0356  (21.5s)
epoch 30/40  train_loss=0.0378  val_loss=0.0350  (21.4s)
epoch 31/40  train_loss=0.0378  val_loss=0.0356  (21.8s)
epoch 32/40  train_loss=0.0376  val_loss=0.0346  (21.0s)  *saved
epoch 33/40  train_loss=0.0376  val_loss=0.0347  (21.8s)
epoch 34/40  train_loss=0.0377  val_loss=0.0350  (21.0s)
epoch 35/40  train_loss=0.0378  val_loss=0.0357  (22.0s)
epoch 36/40  train_loss=0.0376  val_loss=0.0351  (21.3s)
epoch 37/40  train_loss=0.0378  val_loss=0.0350  (20.7s)
epoch 38/40  train_loss=0.0378  val_loss=0.0353  (20.8s)
epoch 39/40  train_loss=0.0377  val_loss=0.0349  (21.6s)
epoch 40/40  train_loss=0.0377  val_loss=0.0351  (21.3s)
wrote checkpoints/stage_b_faint/stage_b_head.pt (best val_loss=0.0346)
=== JOB_STATISTICS ===
=== current date     : Sat Sep 26 06:35:21 PM CEST 2026
= Job-ID             : 1822993 on tinygpu
= Job-Name           : stage_b_faint
= Job-Command        : /home/woody/iwnt/iwnt196h/Farhad_Vaseghi_MA/scripts/hpc/train_stage_b_faint.slurm
= Initial workdir    : /home/woody/iwnt/iwnt196h/Farhad_Vaseghi_MA
= Queue/Partition    : a100
= Slurm account      : iwnt with QOS=normal
= Requested resources:  for 06:00:00
= Elapsed runtime    : 00:15:05
= Total RAM usage    : 3.1 GiB of requested  GiB (%)   
= Node list          : tg095
= Subm/Elig/Start/End: 2026-09-26T18:16:59 / 2026-09-26T18:16:59 / 2026-09-26T18:20:16 / 2026-09-26T18:35:21
======================
=== Quota infos ======
    Path                 Used     SoftQ    HardQ    Gracetime  Filec    FileQ    FiHaQ    FileGrace    
    /home/woody            11.9G  1000.0G  1500.0G        N/A     119K   5,000K   7,500K        N/A    
    /home/hpc               6.0G   104.9G   209.7G        N/A   1,449      500K   1,000K        N/A    
    /home/vault             0.0K  1048.6G  2097.2G        N/A       1      200K     400K        N/A    
======================
=== GPU utilization ==
gpu_name, gpu_bus_id, pid, gpu_utilization [%], mem_utilization [%], max_memory_usage [MiB], time [ms]
NVIDIA A100-SXM4-40GB, 00000000:01:00.0, 2486474, 59 %, 39 %, 2180 MiB, 888853 ms
