### Starting TaskPrologue of job 1835902 on tg074 at Fri Oct  9 03:52:53 PM CEST 2026
Running on cores 2-3,10-11,18-19,26-27 with governor ondemand
Fri Oct  9 15:52:53 2026       
+-----------------------------------------------------------------------------------------+
| NVIDIA-SMI 580.178.04             Driver Version: 580.178.04     CUDA Version: 13.0     |
+-----------------------------------------+------------------------+----------------------+
| GPU  Name                 Persistence-M | Bus-Id          Disp.A | Volatile Uncorr. ECC |
| Fan  Temp   Perf          Pwr:Usage/Cap |           Memory-Usage | GPU-Util  Compute M. |
|                                         |                        |               MIG M. |
|=========================================+========================+======================|
|   0  Tesla V100-PCIE-32GB           On  |   00000000:3B:00.0 Off |                    0 |
| N/A   50C    P0             28W /  250W |       0MiB /  32768MiB |      0%      Default |
|                                         |                        |                  N/A |
+-----------------------------------------+------------------------+----------------------+

+-----------------------------------------------------------------------------------------+
| Processes:                                                                              |
|  GPU   GI   CI              PID   Type   Process name                        GPU Memory |
|        ID   ID                                                               Usage      |
|=========================================================================================|
|  No running processes found                                                             |
+-----------------------------------------------------------------------------------------+
### Finished TaskPrologue

stage c: target=pixel taps=(2, 4, 8, 16, 32) hflip=False epochs=25 train=11200 val=1400
head parameters: 452100; loss: ce+dice dice_weight=0.5 class_weights=[0.168, 0.322, 0.337, 3.174]
epoch 1/25  train_loss=0.4691  val_loss=0.3743  (116.5s)  *saved
epoch 2/25  train_loss=0.3614  val_loss=0.3386  (110.1s)  *saved
epoch 3/25  train_loss=0.3309  val_loss=0.3232  (110.1s)  *saved
epoch 4/25  train_loss=0.3119  val_loss=0.3129  (109.5s)  *saved
epoch 5/25  train_loss=0.2970  val_loss=0.3046  (111.4s)  *saved
epoch 6/25  train_loss=0.2834  val_loss=0.3026  (110.2s)  *saved
epoch 7/25  train_loss=0.2757  val_loss=0.2915  (109.8s)  *saved
epoch 8/25  train_loss=0.2673  val_loss=0.2991  (109.7s)
epoch 9/25  train_loss=0.2611  val_loss=0.2955  (109.5s)
epoch 10/25  train_loss=0.2564  val_loss=0.3019  (112.1s)
epoch 11/25  train_loss=0.2505  val_loss=0.2833  (109.8s)  *saved
epoch 12/25  train_loss=0.2469  val_loss=0.2795  (109.6s)  *saved
epoch 13/25  train_loss=0.2425  val_loss=0.2854  (110.8s)
epoch 14/25  train_loss=0.2397  val_loss=0.2875  (112.1s)
epoch 15/25  train_loss=0.2362  val_loss=0.2875  (110.2s)
epoch 16/25  train_loss=0.2323  val_loss=0.2766  (109.9s)  *saved
epoch 17/25  train_loss=0.2286  val_loss=0.2851  (109.6s)
epoch 18/25  train_loss=0.2253  val_loss=0.2736  (109.8s)  *saved
epoch 19/25  train_loss=0.2242  val_loss=0.2767  (116.5s)
epoch 20/25  train_loss=0.2216  val_loss=0.2749  (109.8s)
epoch 21/25  train_loss=0.2215  val_loss=0.2778  (110.2s)
epoch 22/25  train_loss=0.2153  val_loss=0.2778  (109.7s)
epoch 23/25  train_loss=0.2155  val_loss=0.2799  (109.7s)
epoch 24/25  train_loss=0.2129  val_loss=0.2739  (111.7s)
epoch 25/25  train_loss=0.2104  val_loss=0.2756  (109.9s)
wrote checkpoints/visible_c_v/stage_c_head.pt (best val_loss=0.2736)
=== JOB_STATISTICS ===
=== current date     : Fri Oct  9 04:39:30 PM CEST 2026
= Job-ID             : 1835902 on tinygpu
= Job-Name           : visible_c_v
= Job-Command        : /home/woody/iwnt/iwnt196h/Farhad_Vaseghi_MA/scripts/hpc/run_shell.slurm
= Initial workdir    : /home/woody/iwnt/iwnt196h/Farhad_Vaseghi_MA
= Queue/Partition    : v100
= Slurm account      : iwnt with QOS=normal
= Requested resources:  for 08:00:00
= Elapsed runtime    : 00:46:37
= Total RAM usage    : 4.5 GiB of requested  GiB (%)   
= Node list          : tg074
= Subm/Elig/Start/End: 2026-10-09T15:52:51 / 2026-10-09T15:52:51 / 2026-10-09T15:52:53 / 2026-10-09T16:39:30
======================
=== Quota infos ======
    Path                 Used     SoftQ    HardQ    Gracetime  Filec    FileQ    FiHaQ    FileGrace    
    /home/woody            21.0G  1000.0G  1500.0G        N/A     171K   5,000K   7,500K        N/A    
    /home/hpc               8.2G   104.9G   209.7G        N/A   1,699      300K     400K        N/A    
    /home/vault             0.0K  1048.6G  2097.2G        N/A       1      200K     400K        N/A    
======================
=== GPU utilization ==
gpu_name, gpu_bus_id, pid, gpu_utilization [%], mem_utilization [%], max_memory_usage [MiB], time [ms]
Tesla V100-PCIE-32GB, 00000000:3B:00.0, 2179550, 96 %, 55 %, 8062 MiB, 2778809 ms
