### Starting TaskPrologue of job 1835837 on tg080 at Fri Oct  9 03:04:42 PM CEST 2026
Running on cores 6-7,22-23,38-39,54-55 with governor powersave
Fri Oct  9 15:04:42 2026       
+-----------------------------------------------------------------------------------------+
| NVIDIA-SMI 615.71.09              KMD Version: 615.71.09     CUDA UMD Version: 13.4     |
+-----------------------------------------+------------------------+----------------------+
| GPU  Name                 Persistence-M | Bus-Id          Disp.A | Volatile Uncorr. ECC |
| Fan  Temp   Perf          Pwr:Usage/Cap |           Memory-Usage | GPU-Util  Compute M. |
|                                         |                        |               MIG M. |
|=========================================+========================+======================|
|   0  NVIDIA GeForce RTX 3080        On  |   00000000:DA:00.0 Off |                  N/A |
| 30%   33C    P8             15W /  300W |       1MiB /  10240MiB |      0%      Default |
|                                         |                        |                  N/A |
+-----------------------------------------+------------------------+----------------------+

+-----------------------------------------------------------------------------------------+
| Processes:                                                                              |
|  GPU   GI   CI              PID   Type   Process name                        GPU Memory |
|        ID   ID                                                               Usage      |
|=========================================================================================|
|  No running processes found                                                             |
+-----------------------------------------------------------------------------------------+
### Finished TaskPrologue

/home/woody/iwnt/iwnt196h/software/private/conda/envs/stage_a/lib/python3.11/site-packages/pythonperlin/__init__.py:4: UserWarning: pkg_resources is deprecated as an API. See https://setuptools.pypa.io/en/latest/pkg_resources.html. The pkg_resources package is slated for removal as early as 2025-11-30. Refrain from using this package or pin to Setuptools<81.
  from pkg_resources import get_distribution
stage b: target=tile taps=(4, 8, 16, 32) hflip=True epochs=40 train=11200 val=1400
head parameters: 94660; loss: softmax focal gamma=2.0 class_weights=[0.405, 0.677, 0.71, 2.207]
epoch 1/40  train_loss=0.1328  val_loss=0.1006  (37.7s)  *saved
epoch 2/40  train_loss=0.0968  val_loss=0.0888  (35.7s)  *saved
epoch 3/40  train_loss=0.0892  val_loss=0.0833  (35.9s)  *saved
epoch 4/40  train_loss=0.0835  val_loss=0.0829  (35.7s)  *saved
epoch 5/40  train_loss=0.0804  val_loss=0.0798  (35.6s)  *saved
epoch 6/40  train_loss=0.0774  val_loss=0.0854  (35.8s)
epoch 7/40  train_loss=0.0742  val_loss=0.0785  (35.9s)  *saved
epoch 8/40  train_loss=0.0732  val_loss=0.0789  (35.6s)
epoch 9/40  train_loss=0.0708  val_loss=0.0744  (35.7s)  *saved
epoch 10/40  train_loss=0.0706  val_loss=0.0760  (35.9s)
epoch 11/40  train_loss=0.0692  val_loss=0.0725  (35.7s)  *saved
epoch 12/40  train_loss=0.0672  val_loss=0.0767  (35.8s)
epoch 13/40  train_loss=0.0661  val_loss=0.0724  (35.5s)  *saved
epoch 14/40  train_loss=0.0660  val_loss=0.0728  (35.6s)
epoch 15/40  train_loss=0.0646  val_loss=0.0699  (35.7s)  *saved
epoch 16/40  train_loss=0.0648  val_loss=0.0703  (35.7s)
epoch 17/40  train_loss=0.0635  val_loss=0.0735  (35.9s)
epoch 18/40  train_loss=0.0624  val_loss=0.0684  (35.9s)  *saved
epoch 19/40  train_loss=0.0623  val_loss=0.0690  (35.8s)
epoch 20/40  train_loss=0.0610  val_loss=0.0700  (34.8s)
epoch 21/40  train_loss=0.0609  val_loss=0.0711  (35.0s)
epoch 22/40  train_loss=0.0606  val_loss=0.0691  (35.0s)
epoch 23/40  train_loss=0.0601  val_loss=0.0785  (34.7s)
epoch 24/40  train_loss=0.0593  val_loss=0.0715  (34.8s)
epoch 25/40  train_loss=0.0596  val_loss=0.0721  (34.6s)
epoch 26/40  train_loss=0.0593  val_loss=0.0702  (34.8s)
epoch 27/40  train_loss=0.0577  val_loss=0.0696  (34.7s)
epoch 28/40  train_loss=0.0574  val_loss=0.0749  (35.8s)
epoch 29/40  train_loss=0.0583  val_loss=0.0773  (35.2s)
epoch 30/40  train_loss=0.0573  val_loss=0.0692  (35.1s)
epoch 31/40  train_loss=0.0570  val_loss=0.0675  (35.8s)  *saved
epoch 32/40  train_loss=0.0565  val_loss=0.0673  (35.0s)  *saved
epoch 33/40  train_loss=0.0566  val_loss=0.0691  (35.0s)
epoch 34/40  train_loss=0.0565  val_loss=0.0709  (34.8s)
epoch 35/40  train_loss=0.0559  val_loss=0.0703  (34.8s)
epoch 36/40  train_loss=0.0559  val_loss=0.0714  (35.0s)
epoch 37/40  train_loss=0.0553  val_loss=0.0701  (35.0s)
epoch 38/40  train_loss=0.0557  val_loss=0.0696  (34.7s)
epoch 39/40  train_loss=0.0550  val_loss=0.0692  (34.9s)
epoch 40/40  train_loss=0.0548  val_loss=0.0699  (34.9s)
wrote checkpoints/visible_b_w/stage_b_head.pt (best val_loss=0.0673)
=== JOB_STATISTICS ===
=== current date     : Fri Oct  9 03:28:34 PM CEST 2026
= Job-ID             : 1835837 on tinygpu
= Job-Name           : visible_b_w
= Job-Command        : /home/woody/iwnt/iwnt196h/Farhad_Vaseghi_MA/scripts/hpc/run_shell.slurm
= Initial workdir    : /home/woody/iwnt/iwnt196h/Farhad_Vaseghi_MA
= Queue/Partition    : work
= Slurm account      : iwnt with QOS=normal
= Requested resources:  for 04:00:00
= Elapsed runtime    : 00:23:53
= Total RAM usage    : 3.9 GiB of requested  GiB (%)   
= Node list          : tg080
= Subm/Elig/Start/End: 2026-10-09T14:30:53 / 2026-10-09T15:04:25 / 2026-10-09T15:04:41 / 2026-10-09T15:28:34
======================
=== Quota infos ======
    Path                 Used     SoftQ    HardQ    Gracetime  Filec    FileQ    FiHaQ    FileGrace    
    /home/woody            21.0G  1000.0G  1500.0G        N/A     171K   5,000K   7,500K        N/A    
    /home/hpc               8.2G   104.9G   209.7G        N/A   1,699      300K     400K        N/A    
    /home/vault             0.0K  1048.6G  2097.2G        N/A       1      200K     400K        N/A    
======================
=== GPU utilization ==
gpu_name, gpu_bus_id, pid, gpu_utilization [%], mem_utilization [%], max_memory_usage [MiB], time [ms]
NVIDIA GeForce RTX 3080, 00000000:DA:00.0, 3469723, 91 %, 64 %, 2724 MiB, 1422088 ms
