### Starting TaskPrologue of job 1823058 on tg096 at Sat Sep 26 07:55:11 PM CEST 2026
Running on cores 64-71,104-127 with governor ondemand
Sat Sep 26 19:55:11 2026       
+-----------------------------------------------------------------------------------------+
| NVIDIA-SMI 610.57.04              KMD Version: 610.57.04     CUDA UMD Version: 13.3     |
+-----------------------------------------+------------------------+----------------------+
| GPU  Name                 Persistence-M | Bus-Id          Disp.A | Volatile Uncorr. ECC |
| Fan  Temp   Perf          Pwr:Usage/Cap |           Memory-Usage | GPU-Util  Compute M. |
|                                         |                        |               MIG M. |
|=========================================+========================+======================|
|   0  NVIDIA A100-SXM4-40GB          On  |   00000000:81:00.0 Off |                    0 |
| N/A   34C    P0             55W /  400W |       0MiB /  40960MiB |      0%      Default |
|                                         |                        |             Disabled |
+-----------------------------------------+------------------------+----------------------+

+-----------------------------------------------------------------------------------------+
| Processes:                                                                              |
|  GPU   GI   CI              PID   Type   Process name                        GPU Memory |
|        ID   ID                                                               Usage      |
|=========================================================================================|
|  No running processes found                                                             |
+-----------------------------------------------------------------------------------------+
### Finished TaskPrologue

/home/woody/iwnt/iwnt196h/software/private/conda/envs/stage_a/lib/python3.11/site-packages/pythonperlin/__init__.py:4: UserWarning: pkg_resources is deprecated as an API. See https://setuptools.pypa.io/en/latest/pkg_resources.html. The pkg_resources package is slated for removal as early as 2025-11-30. Refrain from using this package or pin to Setuptools<81.
  from pkg_resources import get_distribution
tuned thresholds: {'dirt': 0.12021570652723312, 'water': 0.25726330280303955, 'scratch': 0.0017839788924902678}
wrote figs/stage_c_test_metrics_unet.jpg
wrote figs/stage_c_roc_pr_curves_unet.jpg
wrote figs/stage_c_probability_by_severity_unet.jpg
wrote figs/stage_c_full_report_unet_page1.jpg
wrote figs/stage_c_full_report_unet_page2.jpg
wrote figs/stage_c_training_curve_unet.jpg
=== JOB_STATISTICS ===
=== current date     : Sat Sep 26 07:56:51 PM CEST 2026
= Job-ID             : 1823058 on tinygpu
= Job-Name           : viz_stage_c_g2
= Job-Command        : /home/woody/iwnt/iwnt196h/Farhad_Vaseghi_MA/scripts/hpc/run_python.slurm
= Initial workdir    : /home/woody/iwnt/iwnt196h/Farhad_Vaseghi_MA
= Queue/Partition    : a100
= Slurm account      : iwnt with QOS=normal
= Requested resources:  for 01:00:00
= Elapsed runtime    : 00:01:42
= Total RAM usage    : 3.1 GiB of requested  GiB (%)   
= Node list          : tg096
= Subm/Elig/Start/End: 2026-09-26T19:51:23 / 2026-09-26T19:51:23 / 2026-09-26T19:55:09 / 2026-09-26T19:56:51
======================
=== Quota infos ======
    Path                 Used     SoftQ    HardQ    Gracetime  Filec    FileQ    FiHaQ    FileGrace    
    /home/hpc               6.0G   104.9G   209.7G        N/A   1,449      500K   1,000K        N/A    
    /home/woody            11.9G  1000.0G  1500.0G        N/A     119K   5,000K   7,500K        N/A    
    /home/vault             0.0K  1048.6G  2097.2G        N/A       1      200K     400K        N/A    
======================
=== GPU utilization ==
gpu_name, gpu_bus_id, pid, gpu_utilization [%], mem_utilization [%], max_memory_usage [MiB], time [ms]
NVIDIA A100-SXM4-40GB, 00000000:81:00.0, 3344455, 7 %, 3 %, 1652 MiB, 89835 ms
