### Starting TaskPrologue of job 1823218 on tg066 at Sat Sep 26 11:02:04 PM CEST 2026
Running on cores 6-7,14-15,22-23,30-31 with governor ondemand
Sat Sep 26 23:02:04 2026       
+-----------------------------------------------------------------------------------------+
| NVIDIA-SMI 610.57.04              KMD Version: 610.57.04     CUDA UMD Version: 13.3     |
+-----------------------------------------+------------------------+----------------------+
| GPU  Name                 Persistence-M | Bus-Id          Disp.A | Volatile Uncorr. ECC |
| Fan  Temp   Perf          Pwr:Usage/Cap |           Memory-Usage | GPU-Util  Compute M. |
|                                         |                        |               MIG M. |
|=========================================+========================+======================|
|   0  NVIDIA GeForce RTX 2080 Ti     On  |   00000000:AF:00.0 Off |                  N/A |
| 38%   59C    P0             46W /  250W |       1MiB /  11264MiB |      2%      Default |
|                                         |                        |                  N/A |
+-----------------------------------------+------------------------+----------------------+

+-----------------------------------------------------------------------------------------+
| Processes:                                                                              |
|  GPU   GI   CI              PID   Type   Process name                        GPU Memory |
|        ID   ID                                                               Usage      |
|=========================================================================================|
|  No running processes found                                                             |
+-----------------------------------------------------------------------------------------+
### Finished TaskPrologue

/home/woody/iwnt/iwnt196h/software/private/conda/envs/stage_a/lib/python3.11/site-packages/pythonperlin/__init__.py:4: UserWarning: pkg_resources is deprecated as an API. See https://setuptools.pypa.io/en/latest/pkg_resources.html. The pkg_resources package is slated for removal as early as 2025-11-30. Refrain from using this package or pin to Setuptools<81.
  from pkg_resources import get_distribution
train=11200 val=1400 taps=(16, 32) pos_weight=[1.3333333730697632, 1.3333333730697632, 1.3333333730697632]
epoch 1/20  train_loss=0.5651  val_loss=0.4602  (72.1s)  *saved
epoch 2/20  train_loss=0.4276  val_loss=0.4067  (69.7s)  *saved
epoch 3/20  train_loss=0.3834  val_loss=0.3651  (69.6s)  *saved
epoch 4/20  train_loss=0.3534  val_loss=0.3495  (69.7s)  *saved
epoch 5/20  train_loss=0.3361  val_loss=0.3418  (69.5s)  *saved
epoch 6/20  train_loss=0.3188  val_loss=0.3175  (69.7s)  *saved
epoch 7/20  train_loss=0.3025  val_loss=0.3052  (69.6s)  *saved
epoch 8/20  train_loss=0.2949  val_loss=0.3051  (69.8s)  *saved
epoch 9/20  train_loss=0.2842  val_loss=0.3010  (69.7s)  *saved
epoch 10/20  train_loss=0.2770  val_loss=0.2881  (69.8s)  *saved
epoch 11/20  train_loss=0.2710  val_loss=0.2820  (69.8s)  *saved
epoch 12/20  train_loss=0.2620  val_loss=0.3010  (69.9s)
epoch 13/20  train_loss=0.2527  val_loss=0.2679  (69.8s)  *saved
epoch 14/20  train_loss=0.2497  val_loss=0.2728  (70.1s)
epoch 15/20  train_loss=0.2465  val_loss=0.2654  (69.5s)  *saved
epoch 16/20  train_loss=0.2428  val_loss=0.2785  (69.5s)
epoch 17/20  train_loss=0.2406  val_loss=0.2664  (69.9s)
epoch 18/20  train_loss=0.2343  val_loss=0.2684  (69.8s)
epoch 19/20  train_loss=0.2313  val_loss=0.2719  (69.9s)
epoch 20/20  train_loss=0.2284  val_loss=0.2768  (70.3s)
wrote checkpoints/study/a_t16-32/stage_a_head.pt (best val_loss=0.2654)
/home/woody/iwnt/iwnt196h/software/private/conda/envs/stage_a/lib/python3.11/site-packages/pythonperlin/__init__.py:4: UserWarning: pkg_resources is deprecated as an API. See https://setuptools.pypa.io/en/latest/pkg_resources.html. The pkg_resources package is slated for removal as early as 2025-11-30. Refrain from using this package or pin to Setuptools<81.
  from pkg_resources import get_distribution
Tuned per-class thresholds (best-F1 on val split):
  dirt      0.379
  water     0.735
  scratch   0.396
Evaluated 1400 images from split='val', threshold=tuned per-class
class      threshold precision    recall        f1        AP   ROC-AUC   support
dirt           0.379     0.916     0.890     0.903     0.969     0.970       600
water          0.735     0.975     0.898     0.935     0.983     0.983       600
scratch        0.396     0.840     0.857     0.848     0.934     0.939       600

Per-severity breakdown:
class     severity   threshold precision    recall        f1        AP   ROC-AUC   support
dirt      low            0.379     0.755     0.729     0.742     0.831     0.927       207
dirt      medium         0.379     0.791     0.954     0.865     0.971     0.988       195
dirt      high           0.379     0.801     0.995     0.887     0.993     0.998       198
water     low            0.735     0.916     0.745     0.822     0.899     0.958       204
water     medium         0.735     0.930     0.974     0.952     0.993     0.998       192
water     high           0.735     0.935     0.980     0.957     0.992     0.995       204
scratch   low            0.396     0.608     0.731     0.664     0.760     0.895       208
scratch   medium         0.396     0.646     0.899     0.752     0.893     0.955       199
scratch   high           0.396     0.651     0.948     0.772     0.926     0.971       193
=== JOB_STATISTICS ===
=== current date     : Sat Sep 26 11:26:27 PM CEST 2026
= Job-ID             : 1823218 on tinygpu
= Job-Name           : a_t16-32
= Job-Command        : /home/woody/iwnt/iwnt196h/Farhad_Vaseghi_MA/scripts/hpc/run_shell.slurm
= Initial workdir    : /home/woody/iwnt/iwnt196h/Farhad_Vaseghi_MA
= Queue/Partition    : work
= Slurm account      : iwnt with QOS=normal
= Requested resources:  for 03:00:00
= Elapsed runtime    : 00:24:24
= Total RAM usage    : 4.8 GiB of requested  GiB (%)   
= Node list          : tg066
= Subm/Elig/Start/End: 2026-09-26T22:41:51 / 2026-09-26T22:41:51 / 2026-09-26T23:02:03 / 2026-09-26T23:26:27
======================
=== Quota infos ======
    Path                 Used     SoftQ    HardQ    Gracetime  Filec    FileQ    FiHaQ    FileGrace    
    /home/woody            10.5G  1000.0G  1500.0G        N/A     101K   5,000K   7,500K        N/A    
    /home/hpc               6.0G   104.9G   209.7G        N/A   1,449      500K   1,000K        N/A    
    /home/vault             0.0K  1048.6G  2097.2G        N/A       1      200K     400K        N/A    
======================
=== GPU utilization ==
gpu_name, gpu_bus_id, pid, gpu_utilization [%], mem_utilization [%], max_memory_usage [MiB], time [ms]
NVIDIA GeForce RTX 2080 Ti, 00000000:AF:00.0, 2330199, 95 %, 56 %, 3082 MiB, 1405067 ms
NVIDIA GeForce RTX 2080 Ti, 00000000:AF:00.0, 2330198, 58 %, 35 %, 5022 MiB, 38654 ms
