### Starting TaskPrologue of job 1823216 on tg069 at Sat Sep 26 11:01:48 PM CEST 2026
Running on cores 6-7,14-15,22-23,30-31 with governor ondemand
Sat Sep 26 23:01:48 2026       
+-----------------------------------------------------------------------------------------+
| NVIDIA-SMI 615.71.09              KMD Version: 615.71.09     CUDA UMD Version: 13.4     |
+-----------------------------------------+------------------------+----------------------+
| GPU  Name                 Persistence-M | Bus-Id          Disp.A | Volatile Uncorr. ECC |
| Fan  Temp   Perf          Pwr:Usage/Cap |           Memory-Usage | GPU-Util  Compute M. |
|                                         |                        |               MIG M. |
|=========================================+========================+======================|
|   0  NVIDIA GeForce RTX 2080 Ti     On  |   00000000:86:00.0 Off |                  N/A |
| 37%   51C    P3             63W /  250W |       1MiB /  11264MiB |      9%      Default |
|                                         |                        |                  N/A |
+-----------------------------------------+------------------------+----------------------+

+-----------------------------------------------------------------------------------------+
| Processes:                                                                              |
|  GPU   GI   CI              PID   Type   Process name                        GPU Memory |
|        ID   ID                                                               Usage      |
|=========================================================================================|
|  No running processes found                                                             |
+-----------------------------------------------------------------------------------------+
### Finished TaskPrologue

/home/woody/iwnt/iwnt196h/software/private/conda/envs/stage_a/lib/python3.11/site-packages/pythonperlin/__init__.py:4: UserWarning: pkg_resources is deprecated as an API. See https://setuptools.pypa.io/en/latest/pkg_resources.html. The pkg_resources package is slated for removal as early as 2025-11-30. Refrain from using this package or pin to Setuptools<81.
  from pkg_resources import get_distribution
train=11200 val=1400 taps=(32,) pos_weight=[1.3333333730697632, 1.3333333730697632, 1.3333333730697632]
epoch 1/20  train_loss=0.5994  val_loss=0.5116  (74.9s)  *saved
epoch 2/20  train_loss=0.4802  val_loss=0.4634  (72.1s)  *saved
epoch 3/20  train_loss=0.4434  val_loss=0.4473  (72.2s)  *saved
epoch 4/20  train_loss=0.4225  val_loss=0.4184  (72.4s)  *saved
epoch 5/20  train_loss=0.4043  val_loss=0.4147  (72.0s)  *saved
epoch 6/20  train_loss=0.3912  val_loss=0.3920  (72.0s)  *saved
epoch 7/20  train_loss=0.3819  val_loss=0.3907  (72.2s)  *saved
epoch 8/20  train_loss=0.3725  val_loss=0.3852  (72.1s)  *saved
epoch 9/20  train_loss=0.3681  val_loss=0.3800  (72.2s)  *saved
epoch 10/20  train_loss=0.3573  val_loss=0.3725  (72.1s)  *saved
epoch 11/20  train_loss=0.3520  val_loss=0.3692  (72.2s)  *saved
epoch 12/20  train_loss=0.3469  val_loss=0.3705  (72.1s)
epoch 13/20  train_loss=0.3419  val_loss=0.3675  (72.1s)  *saved
epoch 14/20  train_loss=0.3385  val_loss=0.3881  (72.2s)
epoch 15/20  train_loss=0.3319  val_loss=0.3588  (72.4s)  *saved
epoch 16/20  train_loss=0.3280  val_loss=0.3704  (72.1s)
epoch 17/20  train_loss=0.3287  val_loss=0.3571  (72.3s)  *saved
epoch 18/20  train_loss=0.3198  val_loss=0.3497  (72.3s)  *saved
epoch 19/20  train_loss=0.3180  val_loss=0.3630  (72.1s)
epoch 20/20  train_loss=0.3174  val_loss=0.3573  (72.2s)
wrote checkpoints/study/a_t32/stage_a_head.pt (best val_loss=0.3497)
/home/woody/iwnt/iwnt196h/software/private/conda/envs/stage_a/lib/python3.11/site-packages/pythonperlin/__init__.py:4: UserWarning: pkg_resources is deprecated as an API. See https://setuptools.pypa.io/en/latest/pkg_resources.html. The pkg_resources package is slated for removal as early as 2025-11-30. Refrain from using this package or pin to Setuptools<81.
  from pkg_resources import get_distribution
Tuned per-class thresholds (best-F1 on val split):
  dirt      0.458
  water     0.561
  scratch   0.477
Evaluated 1400 images from split='val', threshold=tuned per-class
class      threshold precision    recall        f1        AP   ROC-AUC   support
dirt           0.458     0.871     0.845     0.858     0.935     0.935       600
water          0.561     0.925     0.863     0.893     0.962     0.962       600
scratch        0.477     0.782     0.845     0.812     0.907     0.917       600

Per-severity breakdown:
class     severity   threshold precision    recall        f1        AP   ROC-AUC   support
dirt      low            0.458     0.641     0.647     0.644     0.688     0.849       207
dirt      medium         0.458     0.704     0.913     0.795     0.911     0.966       195
dirt      high           0.458     0.722     0.985     0.833     0.980     0.993       198
water     low            0.561     0.764     0.667     0.712     0.786     0.904       204
water     medium         0.561     0.812     0.948     0.875     0.968     0.987       192
water     high           0.561     0.826     0.980     0.897     0.987     0.996       204
scratch   low            0.477     0.515     0.721     0.601     0.682     0.859       208
scratch   medium         0.477     0.557     0.889     0.685     0.852     0.938       199
scratch   high           0.477     0.561     0.933     0.700     0.892     0.958       193
=== JOB_STATISTICS ===
=== current date     : Sat Sep 26 11:27:05 PM CEST 2026
= Job-ID             : 1823216 on tinygpu
= Job-Name           : a_t32
= Job-Command        : /home/woody/iwnt/iwnt196h/Farhad_Vaseghi_MA/scripts/hpc/run_shell.slurm
= Initial workdir    : /home/woody/iwnt/iwnt196h/Farhad_Vaseghi_MA
= Queue/Partition    : work
= Slurm account      : iwnt with QOS=normal
= Requested resources:  for 03:00:00
= Elapsed runtime    : 00:25:18
= Total RAM usage    : 4.9 GiB of requested  GiB (%)   
= Node list          : tg069
= Subm/Elig/Start/End: 2026-09-26T22:41:51 / 2026-09-26T22:41:51 / 2026-09-26T23:01:47 / 2026-09-26T23:27:05
======================
=== Quota infos ======
    Path                 Used     SoftQ    HardQ    Gracetime  Filec    FileQ    FiHaQ    FileGrace    
    /home/vault             0.0K  1048.6G  2097.2G        N/A       1      200K     400K        N/A    
    /home/woody            10.5G  1000.0G  1500.0G        N/A     101K   5,000K   7,500K        N/A    
    /home/hpc               6.0G   104.9G   209.7G        N/A   1,449      500K   1,000K        N/A    
======================
=== GPU utilization ==
gpu_name, gpu_bus_id, pid, gpu_utilization [%], mem_utilization [%], max_memory_usage [MiB], time [ms]
NVIDIA GeForce RTX 2080 Ti, 00000000:86:00.0, 1280237, 95 %, 54 %, 2680 MiB, 1454439 ms
NVIDIA GeForce RTX 2080 Ti, 00000000:86:00.0, 1280236, 35 %, 22 %, 5022 MiB, 42545 ms
