### Starting TaskPrologue of job 1823359 on tg085 at Sun Sep 27 03:22:20 AM CEST 2026
Running on cores 2-3,18-19,34-35,50-51 with governor powersave
Sun Sep 27 03:22:20 2026       
+-----------------------------------------------------------------------------------------+
| NVIDIA-SMI 610.57.04              KMD Version: 610.57.04     CUDA UMD Version: 13.3     |
+-----------------------------------------+------------------------+----------------------+
| GPU  Name                 Persistence-M | Bus-Id          Disp.A | Volatile Uncorr. ECC |
| Fan  Temp   Perf          Pwr:Usage/Cap |           Memory-Usage | GPU-Util  Compute M. |
|                                         |                        |               MIG M. |
|=========================================+========================+======================|
|   0  NVIDIA GeForce RTX 3080        On  |   00000000:1B:00.0 Off |                  N/A |
| 39%   70C    P5             48W /  300W |       1MiB /  10240MiB |      0%      Default |
|                                         |                        |                  N/A |
+-----------------------------------------+------------------------+----------------------+

+-----------------------------------------------------------------------------------------+
| Processes:                                                                              |
|  GPU   GI   CI              PID   Type   Process name                        GPU Memory |
|        ID   ID                                                               Usage      |
|=========================================================================================|
|  No running processes found                                                             |
+-----------------------------------------------------------------------------------------+
### Finished TaskPrologue

/home/woody/iwnt/iwnt196h/software/private/conda/envs/stage_a/lib/python3.11/site-packages/pythonperlin/__init__.py:4: UserWarning: pkg_resources is deprecated as an API. See https://setuptools.pypa.io/en/latest/pkg_resources.html. The pkg_resources package is slated for removal as early as 2025-11-30. Refrain from using this package or pin to Setuptools<81.
  from pkg_resources import get_distribution
arch=multiscale taps=(4, 8, 16, 32) hflip=True weight_decay=0.05 dropout=0.2
train=11200 val=1400 loss=focal alpha=0.75 gamma=2.0 class_weights=None
epoch 1/40  train_loss=0.0251  val_loss=0.0214  (38.5s)  *saved
epoch 2/40  train_loss=0.0211  val_loss=0.0198  (36.6s)  *saved
epoch 3/40  train_loss=0.0202  val_loss=0.0189  (36.4s)  *saved
epoch 4/40  train_loss=0.0193  val_loss=0.0202  (36.5s)
epoch 5/40  train_loss=0.0186  val_loss=0.0178  (36.5s)  *saved
epoch 6/40  train_loss=0.0182  val_loss=0.0181  (36.7s)
epoch 7/40  train_loss=0.0177  val_loss=0.0185  (36.7s)
epoch 8/40  train_loss=0.0174  val_loss=0.0166  (36.6s)  *saved
epoch 9/40  train_loss=0.0171  val_loss=0.0169  (36.8s)
epoch 10/40  train_loss=0.0169  val_loss=0.0176  (36.3s)
epoch 11/40  train_loss=0.0166  val_loss=0.0166  (36.9s)  *saved
epoch 12/40  train_loss=0.0164  val_loss=0.0163  (36.5s)  *saved
epoch 13/40  train_loss=0.0162  val_loss=0.0163  (36.9s)
epoch 14/40  train_loss=0.0160  val_loss=0.0166  (37.1s)
epoch 15/40  train_loss=0.0157  val_loss=0.0165  (36.8s)
epoch 16/40  train_loss=0.0157  val_loss=0.0158  (36.9s)  *saved
epoch 17/40  train_loss=0.0155  val_loss=0.0173  (36.6s)
epoch 18/40  train_loss=0.0154  val_loss=0.0163  (36.7s)
epoch 19/40  train_loss=0.0152  val_loss=0.0161  (36.8s)
epoch 20/40  train_loss=0.0152  val_loss=0.0159  (36.7s)
epoch 21/40  train_loss=0.0150  val_loss=0.0155  (36.7s)  *saved
epoch 22/40  train_loss=0.0151  val_loss=0.0169  (36.7s)
epoch 23/40  train_loss=0.0149  val_loss=0.0153  (36.8s)  *saved
epoch 24/40  train_loss=0.0148  val_loss=0.0163  (36.7s)
epoch 25/40  train_loss=0.0147  val_loss=0.0155  (36.5s)
epoch 26/40  train_loss=0.0147  val_loss=0.0160  (36.5s)
epoch 27/40  train_loss=0.0146  val_loss=0.0155  (36.5s)
epoch 28/40  train_loss=0.0145  val_loss=0.0158  (36.7s)
epoch 29/40  train_loss=0.0146  val_loss=0.0155  (36.6s)
epoch 30/40  train_loss=0.0144  val_loss=0.0164  (36.4s)
epoch 31/40  train_loss=0.0143  val_loss=0.0159  (36.3s)
epoch 32/40  train_loss=0.0143  val_loss=0.0157  (36.5s)
epoch 33/40  train_loss=0.0142  val_loss=0.0169  (36.3s)
epoch 34/40  train_loss=0.0142  val_loss=0.0159  (36.6s)
epoch 35/40  train_loss=0.0143  val_loss=0.0153  (36.6s)  *saved
epoch 36/40  train_loss=0.0142  val_loss=0.0153  (36.8s)  *saved
epoch 37/40  train_loss=0.0141  val_loss=0.0158  (36.9s)
epoch 38/40  train_loss=0.0140  val_loss=0.0156  (36.7s)
epoch 39/40  train_loss=0.0140  val_loss=0.0164  (36.5s)
epoch 40/40  train_loss=0.0141  val_loss=0.0160  (37.0s)
wrote checkpoints/study/b_reg_all/stage_b_head.pt (best val_loss=0.0153)
/home/woody/iwnt/iwnt196h/software/private/conda/envs/stage_a/lib/python3.11/site-packages/pythonperlin/__init__.py:4: UserWarning: pkg_resources is deprecated as an API. See https://setuptools.pypa.io/en/latest/pkg_resources.html. The pkg_resources package is slated for removal as early as 2025-11-30. Refrain from using this package or pin to Setuptools<81.
  from pkg_resources import get_distribution
Tuned per-class thresholds (best-F1 on val split):
  dirt      0.576
  water     0.606
  scratch   0.587
Evaluated 1400 images (358400 tiles) from split='val', threshold=tuned per-class
class      threshold precision    recall        f1        AP   ROC-AUC   support
dirt           0.576     0.874     0.825     0.849     0.931     0.973     72751
water          0.606     0.821     0.850     0.835     0.921     0.971     83062
scratch        0.587     0.861     0.730     0.790     0.840     0.981      9330

Per-severity breakdown (ungated, per tile):
class     severity   threshold precision    recall        f1        AP   ROC-AUC   support
dirt      low            0.576     0.797     0.659     0.721     0.803     0.952     25323
dirt      medium         0.576     0.802     0.887     0.843     0.936     0.988     23366
dirt      high           0.576     0.804     0.940     0.867     0.964     0.994     24062
water     low            0.606     0.735     0.662     0.697     0.770     0.958     27570
water     medium         0.606     0.761     0.937     0.840     0.940     0.991     27295
water     high           0.606     0.793     0.949     0.864     0.962     0.994     28197
scratch   low            0.587     0.826     0.600     0.695     0.718     0.970      3234
scratch   medium         0.587     0.831     0.752     0.789     0.843     0.989      3218
scratch   high           0.587     0.807     0.850     0.828     0.898     0.995      2878
=== JOB_STATISTICS ===
=== current date     : Sun Sep 27 03:47:31 AM CEST 2026
= Job-ID             : 1823359 on tinygpu
= Job-Name           : b_reg_all
= Job-Command        : /home/woody/iwnt/iwnt196h/Farhad_Vaseghi_MA/scripts/hpc/run_shell.slurm
= Initial workdir    : /home/woody/iwnt/iwnt196h/Farhad_Vaseghi_MA
= Queue/Partition    : work
= Slurm account      : iwnt with QOS=normal
= Requested resources:  for 03:00:00
= Elapsed runtime    : 00:25:13
= Total RAM usage    : 4.1 GiB of requested  GiB (%)   
= Node list          : tg085
= Subm/Elig/Start/End: 2026-09-27T03:20:06 / 2026-09-27T03:20:06 / 2026-09-27T03:22:17 / 2026-09-27T03:47:30
======================
=== Quota infos ======
    Path                 Used     SoftQ    HardQ    Gracetime  Filec    FileQ    FiHaQ    FileGrace    
    /home/woody            10.5G  1000.0G  1500.0G        N/A     101K   5,000K   7,500K        N/A    
    /home/hpc               6.0G   104.9G   209.7G        N/A   1,449      500K   1,000K        N/A    
    /home/vault             0.0K  1048.6G  2097.2G        N/A       1      200K     400K        N/A    
======================
=== GPU utilization ==
gpu_name, gpu_bus_id, pid, gpu_utilization [%], mem_utilization [%], max_memory_usage [MiB], time [ms]
NVIDIA GeForce RTX 3080, 00000000:1B:00.0, 640829, 91 %, 65 %, 2990 MiB, 1473206 ms
NVIDIA GeForce RTX 3080, 00000000:1B:00.0, 640828, 27 %, 19 %, 3522 MiB, 24856 ms
