### Starting TaskPrologue of job 1823354 on tg095 at Sun Sep 27 03:20:13 AM CEST 2026
Running on cores 32-63 with governor ondemand
Sun Sep 27 03:20:13 2026       
+-----------------------------------------------------------------------------------------+
| NVIDIA-SMI 610.57.04              KMD Version: 610.57.04     CUDA UMD Version: 13.3     |
+-----------------------------------------+------------------------+----------------------+
| GPU  Name                 Persistence-M | Bus-Id          Disp.A | Volatile Uncorr. ECC |
| Fan  Temp   Perf          Pwr:Usage/Cap |           Memory-Usage | GPU-Util  Compute M. |
|                                         |                        |               MIG M. |
|=========================================+========================+======================|
|   0  NVIDIA A100-SXM4-40GB          On  |   00000000:41:00.0 Off |                    0 |
| N/A   35C    P0             55W /  400W |       0MiB /  40960MiB |      0%      Default |
|                                         |                        |             Disabled |
+-----------------------------------------+------------------------+----------------------+

+-----------------------------------------------------------------------------------------+
| Processes:                                                                              |
|  GPU   GI   CI              PID   Type   Process name                        GPU Memory |
|        ID   ID                                                               Usage      |
|=========================================================================================|
|  No running processes found                                                             |
+-----------------------------------------------------------------------------------------+
### Finished TaskPrologue

/home/woody/iwnt/iwnt196h/software/private/conda/envs/stage_a/lib/python3.11/site-packages/pythonperlin/__init__.py:4: UserWarning: pkg_resources is deprecated as an API. See https://setuptools.pypa.io/en/latest/pkg_resources.html. The pkg_resources package is slated for removal as early as 2025-11-30. Refrain from using this package or pin to Setuptools<81.
  from pkg_resources import get_distribution
arch=multiscale taps=(4, 8, 16, 32) hflip=False weight_decay=0.05 dropout=0.0
train=11200 val=1400 loss=focal alpha=0.75 gamma=2.0 class_weights=None
epoch 1/40  train_loss=0.0239  val_loss=0.0218  (22.7s)  *saved
epoch 2/40  train_loss=0.0199  val_loss=0.0192  (19.2s)  *saved
epoch 3/40  train_loss=0.0189  val_loss=0.0187  (19.3s)  *saved
epoch 4/40  train_loss=0.0178  val_loss=0.0204  (19.5s)
epoch 5/40  train_loss=0.0170  val_loss=0.0173  (20.4s)  *saved
epoch 6/40  train_loss=0.0165  val_loss=0.0176  (21.2s)
epoch 7/40  train_loss=0.0161  val_loss=0.0178  (20.9s)
epoch 8/40  train_loss=0.0156  val_loss=0.0162  (20.1s)  *saved
epoch 9/40  train_loss=0.0152  val_loss=0.0168  (19.4s)
epoch 10/40  train_loss=0.0150  val_loss=0.0179  (19.5s)
epoch 11/40  train_loss=0.0147  val_loss=0.0163  (19.6s)
epoch 12/40  train_loss=0.0144  val_loss=0.0164  (19.5s)
epoch 13/40  train_loss=0.0142  val_loss=0.0161  (20.1s)  *saved
epoch 14/40  train_loss=0.0140  val_loss=0.0163  (20.3s)
epoch 15/40  train_loss=0.0137  val_loss=0.0170  (20.1s)
epoch 16/40  train_loss=0.0136  val_loss=0.0161  (20.1s)
epoch 17/40  train_loss=0.0134  val_loss=0.0167  (20.3s)
epoch 18/40  train_loss=0.0133  val_loss=0.0161  (20.0s)
epoch 19/40  train_loss=0.0131  val_loss=0.0160  (20.2s)  *saved
epoch 20/40  train_loss=0.0130  val_loss=0.0159  (20.1s)  *saved
epoch 21/40  train_loss=0.0128  val_loss=0.0165  (20.4s)
epoch 22/40  train_loss=0.0129  val_loss=0.0163  (20.3s)
epoch 23/40  train_loss=0.0127  val_loss=0.0156  (20.1s)  *saved
epoch 24/40  train_loss=0.0125  val_loss=0.0170  (20.1s)
epoch 25/40  train_loss=0.0124  val_loss=0.0159  (20.2s)
epoch 26/40  train_loss=0.0123  val_loss=0.0164  (20.1s)
epoch 27/40  train_loss=0.0124  val_loss=0.0161  (20.0s)
epoch 28/40  train_loss=0.0122  val_loss=0.0160  (20.4s)
epoch 29/40  train_loss=0.0123  val_loss=0.0160  (20.3s)
epoch 30/40  train_loss=0.0120  val_loss=0.0169  (20.1s)
epoch 31/40  train_loss=0.0120  val_loss=0.0161  (20.1s)
epoch 32/40  train_loss=0.0120  val_loss=0.0163  (20.1s)
epoch 33/40  train_loss=0.0118  val_loss=0.0172  (19.9s)
epoch 34/40  train_loss=0.0118  val_loss=0.0162  (19.9s)
epoch 35/40  train_loss=0.0119  val_loss=0.0161  (20.2s)
epoch 36/40  train_loss=0.0117  val_loss=0.0160  (20.0s)
epoch 37/40  train_loss=0.0117  val_loss=0.0160  (19.9s)
epoch 38/40  train_loss=0.0116  val_loss=0.0163  (20.3s)
epoch 39/40  train_loss=0.0115  val_loss=0.0173  (20.1s)
epoch 40/40  train_loss=0.0116  val_loss=0.0165  (20.4s)
wrote checkpoints/study/b_reg_wd/stage_b_head.pt (best val_loss=0.0156)
/home/woody/iwnt/iwnt196h/software/private/conda/envs/stage_a/lib/python3.11/site-packages/pythonperlin/__init__.py:4: UserWarning: pkg_resources is deprecated as an API. See https://setuptools.pypa.io/en/latest/pkg_resources.html. The pkg_resources package is slated for removal as early as 2025-11-30. Refrain from using this package or pin to Setuptools<81.
  from pkg_resources import get_distribution
Tuned per-class thresholds (best-F1 on val split):
  dirt      0.622
  water     0.593
  scratch   0.594
Evaluated 1400 images (358400 tiles) from split='val', threshold=tuned per-class
class      threshold precision    recall        f1        AP   ROC-AUC   support
dirt           0.622     0.875     0.829     0.851     0.932     0.974     72751
water          0.593     0.823     0.851     0.836     0.921     0.970     83062
scratch        0.594     0.877     0.711     0.785     0.830     0.977      9330

Per-severity breakdown (ungated, per tile):
class     severity   threshold precision    recall        f1        AP   ROC-AUC   support
dirt      low            0.622     0.786     0.670     0.723     0.803     0.952     25323
dirt      medium         0.622     0.798     0.889     0.841     0.935     0.987     23366
dirt      high           0.622     0.805     0.939     0.867     0.964     0.994     24062
water     low            0.593     0.730     0.684     0.706     0.775     0.957     27570
water     medium         0.593     0.766     0.924     0.837     0.934     0.990     27295
water     high           0.593     0.801     0.943     0.866     0.962     0.994     28197
scratch   low            0.594     0.862     0.572     0.688     0.703     0.962      3234
scratch   medium         0.594     0.860     0.741     0.796     0.832     0.985      3218
scratch   high           0.594     0.833     0.835     0.834     0.895     0.994      2878
=== JOB_STATISTICS ===
=== current date     : Sun Sep 27 03:34:14 AM CEST 2026
= Job-ID             : 1823354 on tinygpu
= Job-Name           : b_reg_wd
= Job-Command        : /home/woody/iwnt/iwnt196h/Farhad_Vaseghi_MA/scripts/hpc/run_shell.slurm
= Initial workdir    : /home/woody/iwnt/iwnt196h/Farhad_Vaseghi_MA
= Queue/Partition    : a100
= Slurm account      : iwnt with QOS=normal
= Requested resources:  for 03:00:00
= Elapsed runtime    : 00:14:07
= Total RAM usage    : 3.8 GiB of requested  GiB (%)   
= Node list          : tg095
= Subm/Elig/Start/End: 2026-09-27T03:20:06 / 2026-09-27T03:20:06 / 2026-09-27T03:20:07 / 2026-09-27T03:34:14
======================
=== Quota infos ======
    Path                 Used     SoftQ    HardQ    Gracetime  Filec    FileQ    FiHaQ    FileGrace    
    /home/woody            10.5G  1000.0G  1500.0G        N/A     101K   5,000K   7,500K        N/A    
    /home/hpc               6.0G   104.9G   209.7G        N/A   1,449      500K   1,000K        N/A    
    /home/vault             0.0K  1048.6G  2097.2G        N/A       1      200K     400K        N/A    
======================
=== GPU utilization ==
gpu_name, gpu_bus_id, pid, gpu_utilization [%], mem_utilization [%], max_memory_usage [MiB], time [ms]
NVIDIA A100-SXM4-40GB, 00000000:41:00.0, 2548940, 77 %, 50 %, 3226 MiB, 810794 ms
NVIDIA A100-SXM4-40GB, 00000000:41:00.0, 2548939, 18 %, 12 %, 3760 MiB, 17271 ms
