### Starting TaskPrologue of job 1823491 on tg095 at Sun Sep 27 09:23:03 AM CEST 2026
Running on cores 32-63 with governor ondemand
Sun Sep 27 09:23:03 2026       
+-----------------------------------------------------------------------------------------+
| NVIDIA-SMI 610.57.04              KMD Version: 610.57.04     CUDA UMD Version: 13.3     |
+-----------------------------------------+------------------------+----------------------+
| GPU  Name                 Persistence-M | Bus-Id          Disp.A | Volatile Uncorr. ECC |
| Fan  Temp   Perf          Pwr:Usage/Cap |           Memory-Usage | GPU-Util  Compute M. |
|                                         |                        |               MIG M. |
|=========================================+========================+======================|
|   0  NVIDIA A100-SXM4-40GB          On  |   00000000:41:00.0 Off |                    0 |
| N/A   34C    P0             55W /  400W |       0MiB /  40960MiB |      0%      Default |
|                                         |                        |             Disabled |
+-----------------------------------------+------------------------+----------------------+

+-----------------------------------------------------------------------------------------+
| Processes:                                                                              |
|  GPU   GI   CI              PID   Type   Process name                        GPU Memory |
|        ID   ID                                                               Usage      |
|=========================================================================================|
|  No running processes found                                                             |
+-----------------------------------------------------------------------------------------+
### Finished TaskPrologue

/home/woody/iwnt/iwnt196h/software/private/conda/envs/stage_a/lib/python3.11/site-packages/pythonperlin/__init__.py:4: UserWarning: pkg_resources is deprecated as an API. See https://setuptools.pypa.io/en/latest/pkg_resources.html. The pkg_resources package is slated for removal as early as 2025-11-30. Refrain from using this package or pin to Setuptools<81.
  from pkg_resources import get_distribution
head parameters: 38099
arch=multiscale taps=(4, 8, 16, 32) hflip=True weight_decay=0.0 dropout=0.0
train=11200 val=1400 loss=focal alpha=0.75 gamma=2.0 class_weights=None
epoch 1/40  train_loss=0.0266  val_loss=0.0220  (23.7s)  *saved
epoch 2/40  train_loss=0.0215  val_loss=0.0209  (21.2s)  *saved
epoch 3/40  train_loss=0.0202  val_loss=0.0195  (21.5s)  *saved
epoch 4/40  train_loss=0.0193  val_loss=0.0200  (21.2s)
epoch 5/40  train_loss=0.0189  val_loss=0.0184  (21.6s)  *saved
epoch 6/40  train_loss=0.0186  val_loss=0.0192  (21.7s)
epoch 7/40  train_loss=0.0183  val_loss=0.0184  (21.8s)  *saved
epoch 8/40  train_loss=0.0182  val_loss=0.0190  (21.9s)
epoch 9/40  train_loss=0.0178  val_loss=0.0193  (21.7s)
epoch 10/40  train_loss=0.0179  val_loss=0.0179  (21.8s)  *saved
epoch 11/40  train_loss=0.0175  val_loss=0.0180  (21.7s)
epoch 12/40  train_loss=0.0175  val_loss=0.0193  (21.6s)
epoch 13/40  train_loss=0.0173  val_loss=0.0187  (22.1s)
epoch 14/40  train_loss=0.0173  val_loss=0.0181  (22.3s)
epoch 15/40  train_loss=0.0171  val_loss=0.0173  (22.2s)  *saved
epoch 16/40  train_loss=0.0170  val_loss=0.0167  (21.9s)  *saved
epoch 17/40  train_loss=0.0169  val_loss=0.0185  (22.1s)
epoch 18/40  train_loss=0.0168  val_loss=0.0176  (21.8s)
epoch 19/40  train_loss=0.0168  val_loss=0.0168  (22.0s)
epoch 20/40  train_loss=0.0167  val_loss=0.0171  (22.2s)
epoch 21/40  train_loss=0.0166  val_loss=0.0177  (22.1s)
epoch 22/40  train_loss=0.0165  val_loss=0.0173  (22.0s)
epoch 23/40  train_loss=0.0165  val_loss=0.0174  (22.1s)
epoch 24/40  train_loss=0.0165  val_loss=0.0172  (22.1s)
epoch 25/40  train_loss=0.0164  val_loss=0.0178  (22.0s)
epoch 26/40  train_loss=0.0163  val_loss=0.0176  (22.1s)
epoch 27/40  train_loss=0.0163  val_loss=0.0180  (22.3s)
epoch 28/40  train_loss=0.0163  val_loss=0.0172  (21.9s)
epoch 29/40  train_loss=0.0162  val_loss=0.0166  (22.0s)  *saved
epoch 30/40  train_loss=0.0161  val_loss=0.0168  (22.2s)
epoch 31/40  train_loss=0.0161  val_loss=0.0186  (22.0s)
epoch 32/40  train_loss=0.0161  val_loss=0.0167  (22.1s)
epoch 33/40  train_loss=0.0159  val_loss=0.0165  (22.1s)  *saved
epoch 34/40  train_loss=0.0160  val_loss=0.0167  (22.1s)
epoch 35/40  train_loss=0.0159  val_loss=0.0175  (22.1s)
epoch 36/40  train_loss=0.0159  val_loss=0.0167  (21.8s)
epoch 37/40  train_loss=0.0158  val_loss=0.0173  (22.3s)
epoch 38/40  train_loss=0.0159  val_loss=0.0185  (22.0s)
epoch 39/40  train_loss=0.0158  val_loss=0.0168  (22.0s)
epoch 40/40  train_loss=0.0157  val_loss=0.0168  (22.3s)
wrote checkpoints/study/b_small_h16k3/stage_b_head.pt (best val_loss=0.0165)
/home/woody/iwnt/iwnt196h/software/private/conda/envs/stage_a/lib/python3.11/site-packages/pythonperlin/__init__.py:4: UserWarning: pkg_resources is deprecated as an API. See https://setuptools.pypa.io/en/latest/pkg_resources.html. The pkg_resources package is slated for removal as early as 2025-11-30. Refrain from using this package or pin to Setuptools<81.
  from pkg_resources import get_distribution
Tuned per-class thresholds (best-F1 on val split):
  dirt      0.603
  water     0.541
  scratch   0.545
Evaluated 1400 images (358400 tiles) from split='val', threshold=tuned per-class
class      threshold precision    recall        f1        AP   ROC-AUC   support
dirt           0.603     0.869     0.810     0.838     0.924     0.971     72751
water          0.541     0.810     0.844     0.827     0.911     0.966     83062
scratch        0.545     0.795     0.676     0.731     0.781     0.971      9330

Per-severity breakdown (ungated, per tile):
class     severity   threshold precision    recall        f1        AP   ROC-AUC   support
dirt      low            0.603     0.770     0.630     0.693     0.776     0.948     25323
dirt      medium         0.603     0.790     0.877     0.831     0.926     0.985     23366
dirt      high           0.603     0.792     0.934     0.857     0.958     0.993     24062
water     low            0.541     0.716     0.659     0.686     0.743     0.951     27570
water     medium         0.541     0.750     0.926     0.829     0.927     0.989     27295
water     high           0.541     0.777     0.946     0.853     0.957     0.993     28197
scratch   low            0.545     0.744     0.526     0.616     0.632     0.957      3234
scratch   medium         0.545     0.755     0.708     0.731     0.782     0.982      3218
scratch   high           0.545     0.725     0.810     0.765     0.851     0.991      2878
=== JOB_STATISTICS ===
=== current date     : Sun Sep 27 09:38:19 AM CEST 2026
= Job-ID             : 1823491 on tinygpu
= Job-Name           : b_small_h16k3
= Job-Command        : /home/woody/iwnt/iwnt196h/Farhad_Vaseghi_MA/scripts/hpc/run_shell.slurm
= Initial workdir    : /home/woody/iwnt/iwnt196h/Farhad_Vaseghi_MA
= Queue/Partition    : a100
= Slurm account      : iwnt with QOS=normal
= Requested resources:  for 03:00:00
= Elapsed runtime    : 00:15:16
= Total RAM usage    : 3.4 GiB of requested  GiB (%)   
= Node list          : tg095
= Subm/Elig/Start/End: 2026-09-27T09:23:01 / 2026-09-27T09:23:01 / 2026-09-27T09:23:02 / 2026-09-27T09:38:18
======================
=== Quota infos ======
    Path                 Used     SoftQ    HardQ    Gracetime  Filec    FileQ    FiHaQ    FileGrace    
    /home/woody            10.5G  1000.0G  1500.0G        N/A     101K   5,000K   7,500K        N/A    
    /home/hpc               6.0G   104.9G   209.7G        N/A   1,449      500K   1,000K        N/A    
    /home/vault             0.0K  1048.6G  2097.2G        N/A       1      200K     400K        N/A    
======================
=== GPU utilization ==
gpu_name, gpu_bus_id, pid, gpu_utilization [%], mem_utilization [%], max_memory_usage [MiB], time [ms]
NVIDIA A100-SXM4-40GB, 00000000:41:00.0, 2569110, 69 %, 45 %, 2996 MiB, 883930 ms
NVIDIA A100-SXM4-40GB, 00000000:41:00.0, 2569109, 18 %, 12 %, 3760 MiB, 17133 ms
