### Starting TaskPrologue of job 1823228 on tg066 at Sat Sep 26 11:26:28 PM CEST 2026
Running on cores 6-7,14-15,22-23,30-31 with governor ondemand
Sat Sep 26 23:26:28 2026       
+-----------------------------------------------------------------------------------------+
| NVIDIA-SMI 610.57.04              KMD Version: 610.57.04     CUDA UMD Version: 13.3     |
+-----------------------------------------+------------------------+----------------------+
| GPU  Name                 Persistence-M | Bus-Id          Disp.A | Volatile Uncorr. ECC |
| Fan  Temp   Perf          Pwr:Usage/Cap |           Memory-Usage | GPU-Util  Compute M. |
|                                         |                        |               MIG M. |
|=========================================+========================+======================|
|   0  NVIDIA GeForce RTX 2080 Ti     On  |   00000000:AF:00.0 Off |                  N/A |
| 35%   50C    P0             71W /  250W |       1MiB /  11264MiB |      0%      Default |
|                                         |                        |                  N/A |
+-----------------------------------------+------------------------+----------------------+

+-----------------------------------------------------------------------------------------+
| Processes:                                                                              |
|  GPU   GI   CI              PID   Type   Process name                        GPU Memory |
|        ID   ID                                                               Usage      |
|=========================================================================================|
|  No running processes found                                                             |
+-----------------------------------------------------------------------------------------+
### Finished TaskPrologue

/home/woody/iwnt/iwnt196h/software/private/conda/envs/stage_a/lib/python3.11/site-packages/pythonperlin/__init__.py:4: UserWarning: pkg_resources is deprecated as an API. See https://setuptools.pypa.io/en/latest/pkg_resources.html. The pkg_resources package is slated for removal as early as 2025-11-30. Refrain from using this package or pin to Setuptools<81.
  from pkg_resources import get_distribution
arch=multiscale taps=(16, 32)
train=11200 val=1400 loss=focal alpha=0.75 gamma=2.0 class_weights=None
epoch 1/40  train_loss=0.0272  val_loss=0.0248  (48.6s)  *saved
epoch 2/40  train_loss=0.0233  val_loss=0.0234  (46.4s)  *saved
epoch 3/40  train_loss=0.0220  val_loss=0.0218  (46.5s)  *saved
epoch 4/40  train_loss=0.0212  val_loss=0.0213  (46.8s)  *saved
epoch 5/40  train_loss=0.0204  val_loss=0.0204  (46.8s)  *saved
epoch 6/40  train_loss=0.0198  val_loss=0.0209  (46.9s)
epoch 7/40  train_loss=0.0195  val_loss=0.0204  (46.6s)  *saved
epoch 8/40  train_loss=0.0192  val_loss=0.0210  (46.6s)
epoch 9/40  train_loss=0.0189  val_loss=0.0198  (46.6s)  *saved
epoch 10/40  train_loss=0.0185  val_loss=0.0199  (46.8s)
epoch 11/40  train_loss=0.0183  val_loss=0.0197  (46.5s)  *saved
epoch 12/40  train_loss=0.0180  val_loss=0.0197  (46.8s)  *saved
epoch 13/40  train_loss=0.0178  val_loss=0.0199  (46.7s)
epoch 14/40  train_loss=0.0178  val_loss=0.0204  (46.7s)
epoch 15/40  train_loss=0.0176  val_loss=0.0195  (46.6s)  *saved
epoch 16/40  train_loss=0.0173  val_loss=0.0195  (46.7s)
epoch 17/40  train_loss=0.0172  val_loss=0.0198  (46.8s)
epoch 18/40  train_loss=0.0170  val_loss=0.0199  (46.7s)
epoch 19/40  train_loss=0.0168  val_loss=0.0201  (46.7s)
epoch 20/40  train_loss=0.0167  val_loss=0.0198  (46.7s)
epoch 21/40  train_loss=0.0168  val_loss=0.0197  (46.8s)
epoch 22/40  train_loss=0.0165  val_loss=0.0201  (46.6s)
epoch 23/40  train_loss=0.0165  val_loss=0.0203  (46.5s)
epoch 24/40  train_loss=0.0164  val_loss=0.0196  (46.7s)
epoch 25/40  train_loss=0.0162  val_loss=0.0199  (46.6s)
epoch 26/40  train_loss=0.0161  val_loss=0.0198  (46.6s)
epoch 27/40  train_loss=0.0161  val_loss=0.0204  (46.6s)
epoch 28/40  train_loss=0.0160  val_loss=0.0207  (46.6s)
epoch 29/40  train_loss=0.0159  val_loss=0.0202  (46.5s)
epoch 30/40  train_loss=0.0158  val_loss=0.0204  (46.6s)
epoch 31/40  train_loss=0.0158  val_loss=0.0200  (46.6s)
epoch 32/40  train_loss=0.0158  val_loss=0.0197  (46.8s)
epoch 33/40  train_loss=0.0156  val_loss=0.0208  (46.7s)
epoch 34/40  train_loss=0.0155  val_loss=0.0200  (46.5s)
epoch 35/40  train_loss=0.0155  val_loss=0.0202  (46.6s)
epoch 36/40  train_loss=0.0155  val_loss=0.0202  (46.4s)
epoch 37/40  train_loss=0.0152  val_loss=0.0201  (46.3s)
epoch 38/40  train_loss=0.0153  val_loss=0.0208  (46.5s)
epoch 39/40  train_loss=0.0153  val_loss=0.0203  (46.6s)
epoch 40/40  train_loss=0.0152  val_loss=0.0207  (46.7s)
wrote checkpoints/study/b_t16-32/stage_b_head.pt (best val_loss=0.0195)
/home/woody/iwnt/iwnt196h/software/private/conda/envs/stage_a/lib/python3.11/site-packages/pythonperlin/__init__.py:4: UserWarning: pkg_resources is deprecated as an API. See https://setuptools.pypa.io/en/latest/pkg_resources.html. The pkg_resources package is slated for removal as early as 2025-11-30. Refrain from using this package or pin to Setuptools<81.
  from pkg_resources import get_distribution
Tuned per-class thresholds (best-F1 on val split):
  dirt      0.568
  water     0.601
  scratch   0.585
Evaluated 1400 images (358400 tiles) from split='val', threshold=tuned per-class
class      threshold precision    recall        f1        AP   ROC-AUC   support
dirt           0.568     0.833     0.788     0.810     0.898     0.956     72751
water          0.601     0.786     0.807     0.797     0.888     0.954     83062
scratch        0.585     0.768     0.623     0.688     0.733     0.963      9330

Per-severity breakdown (ungated, per tile):
class     severity   threshold precision    recall        f1        AP   ROC-AUC   support
dirt      low            0.568     0.727     0.587     0.649     0.717     0.921     25323
dirt      medium         0.568     0.747     0.857     0.799     0.903     0.978     23366
dirt      high           0.568     0.756     0.933     0.835     0.951     0.991     24062
water     low            0.601     0.654     0.586     0.618     0.667     0.928     27570
water     medium         0.601     0.703     0.911     0.794     0.906     0.984     27295
water     high           0.601     0.748     0.924     0.827     0.941     0.989     28197
scratch   low            0.585     0.727     0.469     0.570     0.577     0.944      3234
scratch   medium         0.585     0.728     0.653     0.689     0.731     0.976      3218
scratch   high           0.585     0.710     0.763     0.736     0.810     0.988      2878
=== JOB_STATISTICS ===
=== current date     : Sat Sep 26 11:58:30 PM CEST 2026
= Job-ID             : 1823228 on tinygpu
= Job-Name           : b_t16-32
= Job-Command        : /home/woody/iwnt/iwnt196h/Farhad_Vaseghi_MA/scripts/hpc/run_shell.slurm
= Initial workdir    : /home/woody/iwnt/iwnt196h/Farhad_Vaseghi_MA
= Queue/Partition    : work
= Slurm account      : iwnt with QOS=normal
= Requested resources:  for 03:00:00
= Elapsed runtime    : 00:32:03
= Total RAM usage    : 4.0 GiB of requested  GiB (%)   
= Node list          : tg066
= Subm/Elig/Start/End: 2026-09-26T22:41:52 / 2026-09-26T22:41:52 / 2026-09-26T23:26:27 / 2026-09-26T23:58:30
======================
=== Quota infos ======
    Path                 Used     SoftQ    HardQ    Gracetime  Filec    FileQ    FiHaQ    FileGrace    
    /home/woody            10.5G  1000.0G  1500.0G        N/A     101K   5,000K   7,500K        N/A    
    /home/hpc               6.0G   104.9G   209.7G        N/A   1,449      500K   1,000K        N/A    
    /home/vault             0.0K  1048.6G  2097.2G        N/A       1      200K     400K        N/A    
======================
=== GPU utilization ==
gpu_name, gpu_bus_id, pid, gpu_utilization [%], mem_utilization [%], max_memory_usage [MiB], time [ms]
NVIDIA GeForce RTX 2080 Ti, 00000000:AF:00.0, 2334679, 93 %, 58 %, 1806 MiB, 1874934 ms
NVIDIA GeForce RTX 2080 Ti, 00000000:AF:00.0, 2334678, 33 %, 21 %, 3314 MiB, 27999 ms
