### Starting TaskPrologue of job 1823225 on tg096 at Sat Sep 26 11:25:21 PM CEST 2026
Running on cores 32-63 with governor ondemand
Sat Sep 26 23:25:21 2026       
+-----------------------------------------------------------------------------------------+
| NVIDIA-SMI 610.57.04              KMD Version: 610.57.04     CUDA UMD Version: 13.3     |
+-----------------------------------------+------------------------+----------------------+
| GPU  Name                 Persistence-M | Bus-Id          Disp.A | Volatile Uncorr. ECC |
| Fan  Temp   Perf          Pwr:Usage/Cap |           Memory-Usage | GPU-Util  Compute M. |
|                                         |                        |               MIG M. |
|=========================================+========================+======================|
|   0  NVIDIA A100-SXM4-40GB          On  |   00000000:41:00.0 Off |                    0 |
| N/A   44C    P0             77W /  400W |       0MiB /  40960MiB |      0%      Default |
|                                         |                        |             Disabled |
+-----------------------------------------+------------------------+----------------------+

+-----------------------------------------------------------------------------------------+
| Processes:                                                                              |
|  GPU   GI   CI              PID   Type   Process name                        GPU Memory |
|        ID   ID                                                               Usage      |
|=========================================================================================|
|  No running processes found                                                             |
+-----------------------------------------------------------------------------------------+
### Finished TaskPrologue

/home/woody/iwnt/iwnt196h/software/private/conda/envs/stage_a/lib/python3.11/site-packages/pythonperlin/__init__.py:4: UserWarning: pkg_resources is deprecated as an API. See https://setuptools.pypa.io/en/latest/pkg_resources.html. The pkg_resources package is slated for removal as early as 2025-11-30. Refrain from using this package or pin to Setuptools<81.
  from pkg_resources import get_distribution
arch=multiscale taps=(32,)
train=11200 val=1400 loss=focal alpha=0.75 gamma=2.0 class_weights=None
epoch 1/40  train_loss=0.0341  val_loss=0.0314  (24.0s)  *saved
epoch 2/40  train_loss=0.0308  val_loss=0.0297  (18.4s)  *saved
epoch 3/40  train_loss=0.0295  val_loss=0.0294  (18.7s)  *saved
epoch 4/40  train_loss=0.0290  val_loss=0.0292  (18.8s)  *saved
epoch 5/40  train_loss=0.0284  val_loss=0.0288  (18.7s)  *saved
epoch 6/40  train_loss=0.0280  val_loss=0.0292  (18.8s)
epoch 7/40  train_loss=0.0275  val_loss=0.0291  (18.9s)
epoch 8/40  train_loss=0.0273  val_loss=0.0282  (18.9s)  *saved
epoch 9/40  train_loss=0.0271  val_loss=0.0280  (18.8s)  *saved
epoch 10/40  train_loss=0.0268  val_loss=0.0284  (19.0s)
epoch 11/40  train_loss=0.0267  val_loss=0.0282  (19.0s)
epoch 12/40  train_loss=0.0264  val_loss=0.0279  (18.8s)  *saved
epoch 13/40  train_loss=0.0262  val_loss=0.0284  (18.8s)
epoch 14/40  train_loss=0.0261  val_loss=0.0275  (18.7s)  *saved
epoch 15/40  train_loss=0.0260  val_loss=0.0281  (18.7s)
epoch 16/40  train_loss=0.0258  val_loss=0.0282  (18.8s)
epoch 17/40  train_loss=0.0258  val_loss=0.0275  (18.9s)  *saved
epoch 18/40  train_loss=0.0256  val_loss=0.0276  (18.8s)
epoch 19/40  train_loss=0.0255  val_loss=0.0283  (18.9s)
epoch 20/40  train_loss=0.0253  val_loss=0.0279  (19.1s)
epoch 21/40  train_loss=0.0253  val_loss=0.0279  (19.0s)
epoch 22/40  train_loss=0.0252  val_loss=0.0275  (18.8s)
epoch 23/40  train_loss=0.0250  val_loss=0.0279  (18.8s)
epoch 24/40  train_loss=0.0250  val_loss=0.0277  (18.8s)
epoch 25/40  train_loss=0.0249  val_loss=0.0281  (18.9s)
epoch 26/40  train_loss=0.0248  val_loss=0.0276  (18.8s)
epoch 27/40  train_loss=0.0247  val_loss=0.0280  (19.0s)
epoch 28/40  train_loss=0.0248  val_loss=0.0280  (19.0s)
epoch 29/40  train_loss=0.0247  val_loss=0.0284  (18.9s)
epoch 30/40  train_loss=0.0245  val_loss=0.0284  (18.7s)
epoch 31/40  train_loss=0.0245  val_loss=0.0278  (18.7s)
epoch 32/40  train_loss=0.0245  val_loss=0.0280  (18.8s)
epoch 33/40  train_loss=0.0245  val_loss=0.0278  (18.9s)
epoch 34/40  train_loss=0.0244  val_loss=0.0279  (18.7s)
epoch 35/40  train_loss=0.0243  val_loss=0.0277  (18.7s)
epoch 36/40  train_loss=0.0243  val_loss=0.0278  (18.8s)
epoch 37/40  train_loss=0.0243  val_loss=0.0283  (19.0s)
epoch 38/40  train_loss=0.0243  val_loss=0.0282  (18.9s)
epoch 39/40  train_loss=0.0242  val_loss=0.0282  (18.9s)
epoch 40/40  train_loss=0.0240  val_loss=0.0282  (19.1s)
wrote checkpoints/study/b_t32/stage_b_head.pt (best val_loss=0.0275)
/home/woody/iwnt/iwnt196h/software/private/conda/envs/stage_a/lib/python3.11/site-packages/pythonperlin/__init__.py:4: UserWarning: pkg_resources is deprecated as an API. See https://setuptools.pypa.io/en/latest/pkg_resources.html. The pkg_resources package is slated for removal as early as 2025-11-30. Refrain from using this package or pin to Setuptools<81.
  from pkg_resources import get_distribution
Tuned per-class thresholds (best-F1 on val split):
  dirt      0.560
  water     0.540
  scratch   0.502
Evaluated 1400 images (358400 tiles) from split='val', threshold=tuned per-class
class      threshold precision    recall        f1        AP   ROC-AUC   support
dirt           0.560     0.732     0.691     0.711     0.805     0.912     72751
water          0.540     0.671     0.728     0.699     0.780     0.901     83062
scratch        0.502     0.592     0.445     0.508     0.491     0.907      9330

Per-severity breakdown (ungated, per tile):
class     severity   threshold precision    recall        f1        AP   ROC-AUC   support
dirt      low            0.560     0.514     0.454     0.482     0.506     0.849     25323
dirt      medium         0.560     0.586     0.747     0.657     0.766     0.942     23366
dirt      high           0.560     0.632     0.887     0.738     0.891     0.976     24062
water     low            0.540     0.457     0.446     0.452     0.431     0.839     27570
water     medium         0.540     0.553     0.831     0.664     0.749     0.952     27295
water     high           0.540     0.601     0.904     0.722     0.880     0.975     28197
scratch   low            0.502     0.475     0.293     0.363     0.314     0.877      3234
scratch   medium         0.502     0.525     0.474     0.498     0.475     0.932      3218
scratch   high           0.502     0.516     0.582     0.547     0.557     0.955      2878
=== JOB_STATISTICS ===
=== current date     : Sat Sep 26 11:38:35 PM CEST 2026
= Job-ID             : 1823225 on tinygpu
= Job-Name           : b_t32
= Job-Command        : /home/woody/iwnt/iwnt196h/Farhad_Vaseghi_MA/scripts/hpc/run_shell.slurm
= Initial workdir    : /home/woody/iwnt/iwnt196h/Farhad_Vaseghi_MA
= Queue/Partition    : a100
= Slurm account      : iwnt with QOS=normal
= Requested resources:  for 03:00:00
= Elapsed runtime    : 00:13:15
= Total RAM usage    : 4.0 GiB of requested  GiB (%)   
= Node list          : tg096
= Subm/Elig/Start/End: 2026-09-26T22:41:51 / 2026-09-26T22:41:51 / 2026-09-26T23:25:20 / 2026-09-26T23:38:35
======================
=== Quota infos ======
    Path                 Used     SoftQ    HardQ    Gracetime  Filec    FileQ    FiHaQ    FileGrace    
    /home/hpc               6.0G   104.9G   209.7G        N/A   1,449      500K   1,000K        N/A    
    /home/woody            10.5G  1000.0G  1500.0G        N/A     101K   5,000K   7,500K        N/A    
    /home/vault             0.0K  1048.6G  2097.2G        N/A       1      200K     400K        N/A    
======================
=== GPU utilization ==
gpu_name, gpu_bus_id, pid, gpu_utilization [%], mem_utilization [%], max_memory_usage [MiB], time [ms]
NVIDIA A100-SXM4-40GB, 00000000:41:00.0, 3544910, 70 %, 45 %, 2190 MiB, 763182 ms
NVIDIA A100-SXM4-40GB, 00000000:41:00.0, 3544909, 17 %, 11 %, 3758 MiB, 17022 ms
