### Starting TaskPrologue of job 1823209 on tg095 at Sat Sep 26 10:58:05 PM CEST 2026
Running on cores 0-31 with governor ondemand
Sat Sep 26 22:58:05 2026       
+-----------------------------------------------------------------------------------------+
| NVIDIA-SMI 610.57.04              KMD Version: 610.57.04     CUDA UMD Version: 13.3     |
+-----------------------------------------+------------------------+----------------------+
| GPU  Name                 Persistence-M | Bus-Id          Disp.A | Volatile Uncorr. ECC |
| Fan  Temp   Perf          Pwr:Usage/Cap |           Memory-Usage | GPU-Util  Compute M. |
|                                         |                        |               MIG M. |
|=========================================+========================+======================|
|   0  NVIDIA A100-SXM4-40GB          On  |   00000000:01:00.0 Off |                    0 |
| N/A   40C    P0             53W /  400W |       0MiB /  40960MiB |      0%      Default |
|                                         |                        |             Disabled |
+-----------------------------------------+------------------------+----------------------+

+-----------------------------------------------------------------------------------------+
| Processes:                                                                              |
|  GPU   GI   CI              PID   Type   Process name                        GPU Memory |
|        ID   ID                                                               Usage      |
|=========================================================================================|
|  No running processes found                                                             |
+-----------------------------------------------------------------------------------------+
### Finished TaskPrologue

/home/woody/iwnt/iwnt196h/software/private/conda/envs/stage_a/lib/python3.11/site-packages/pythonperlin/__init__.py:4: UserWarning: pkg_resources is deprecated as an API. See https://setuptools.pypa.io/en/latest/pkg_resources.html. The pkg_resources package is slated for removal as early as 2025-11-30. Refrain from using this package or pin to Setuptools<81.
  from pkg_resources import get_distribution
Tuned per-class thresholds (best-F1 on val split):
  dirt      0.643
  water     0.598
  scratch   0.585
Evaluated 1400 images (358400 tiles) from split='val', threshold=tuned per-class
class      threshold precision    recall        f1        AP   ROC-AUC   support
dirt           0.643     0.882     0.823     0.852     0.932     0.973     72751
water          0.598     0.823     0.850     0.836     0.921     0.970     83062
scratch        0.585     0.849     0.717     0.778     0.822     0.975      9330

Per-severity breakdown (ungated, per tile):
class     severity   threshold precision    recall        f1        AP   ROC-AUC   support
dirt      low            0.643     0.800     0.665     0.726     0.806     0.952     25323
dirt      medium         0.643     0.813     0.882     0.846     0.933     0.987     23366
dirt      high           0.643     0.820     0.933     0.873     0.962     0.993     24062
water     low            0.598     0.726     0.686     0.705     0.775     0.957     27570
water     medium         0.598     0.766     0.921     0.836     0.933     0.989     27295
water     high           0.598     0.799     0.941     0.864     0.961     0.994     28197
scratch   low            0.585     0.811     0.580     0.677     0.691     0.960      3234
scratch   medium         0.585     0.818     0.741     0.778     0.822     0.985      3218
scratch   high           0.585     0.804     0.843     0.823     0.891     0.993      2878
=== JOB_STATISTICS ===
=== current date     : Sat Sep 26 10:58:39 PM CEST 2026
= Job-ID             : 1823209 on tinygpu
= Job-Name           : b_t4-8-16-32
= Job-Command        : /home/woody/iwnt/iwnt196h/Farhad_Vaseghi_MA/scripts/hpc/run_shell.slurm
= Initial workdir    : /home/woody/iwnt/iwnt196h/Farhad_Vaseghi_MA
= Queue/Partition    : a100
= Slurm account      : iwnt with QOS=normal
= Requested resources:  for 01:00:00
= Elapsed runtime    : 00:00:47
= Total RAM usage    : 1.8 GiB of requested  GiB (%)   
= Node list          : tg095
= Subm/Elig/Start/End: 2026-09-26T22:41:51 / 2026-09-26T22:41:51 / 2026-09-26T22:57:51 / 2026-09-26T22:58:38
======================
=== Quota infos ======
    Path                 Used     SoftQ    HardQ    Gracetime  Filec    FileQ    FiHaQ    FileGrace    
    /home/woody            10.5G  1000.0G  1500.0G        N/A     101K   5,000K   7,500K        N/A    
    /home/hpc               6.0G   104.9G   209.7G        N/A   1,449      500K   1,000K        N/A    
    /home/vault             0.0K  1048.6G  2097.2G        N/A       1      200K     400K        N/A    
======================
=== GPU utilization ==
gpu_name, gpu_bus_id, pid, gpu_utilization [%], mem_utilization [%], max_memory_usage [MiB], time [ms]
NVIDIA A100-SXM4-40GB, 00000000:01:00.0, 2536007, 13 %, 9 %, 3760 MiB, 23782 ms
