### Starting TaskPrologue of job 1823279 on tg080 at Sun Sep 27 12:13:44 AM CEST 2026
Running on cores 12-13,28-29,44-45,60-61 with governor powersave
Sun Sep 27 00:13:44 2026       
+-----------------------------------------------------------------------------------------+
| NVIDIA-SMI 615.71.09              KMD Version: 615.71.09     CUDA UMD Version: 13.4     |
+-----------------------------------------+------------------------+----------------------+
| GPU  Name                 Persistence-M | Bus-Id          Disp.A | Volatile Uncorr. ECC |
| Fan  Temp   Perf          Pwr:Usage/Cap |           Memory-Usage | GPU-Util  Compute M. |
|                                         |                        |               MIG M. |
|=========================================+========================+======================|
|   0  NVIDIA GeForce RTX 3080        On  |   00000000:3D:00.0 Off |                  N/A |
| 30%   43C    P8             21W /  300W |       1MiB /  10240MiB |      0%      Default |
|                                         |                        |                  N/A |
+-----------------------------------------+------------------------+----------------------+

+-----------------------------------------------------------------------------------------+
| Processes:                                                                              |
|  GPU   GI   CI              PID   Type   Process name                        GPU Memory |
|        ID   ID                                                               Usage      |
|=========================================================================================|
|  No running processes found                                                             |
+-----------------------------------------------------------------------------------------+
### Finished TaskPrologue

/home/woody/iwnt/iwnt196h/software/private/conda/envs/stage_a/lib/python3.11/site-packages/pythonperlin/__init__.py:4: UserWarning: pkg_resources is deprecated as an API. See https://setuptools.pypa.io/en/latest/pkg_resources.html. The pkg_resources package is slated for removal as early as 2025-11-30. Refrain from using this package or pin to Setuptools<81.
  from pkg_resources import get_distribution
arch=multiscale taps=(4, 8, 16, 32)
train=11200 val=1400 loss=focal alpha=0.75 gamma=2.0 class_weights=[1.0, 1.0, 3.0]
epoch 1/40  train_loss=0.0179  val_loss=0.0155  (53.8s)  *saved
epoch 2/40  train_loss=0.0145  val_loss=0.0139  (52.7s)  *saved
epoch 3/40  train_loss=0.0136  val_loss=0.0135  (50.1s)  *saved
epoch 4/40  train_loss=0.0128  val_loss=0.0137  (41.3s)
epoch 5/40  train_loss=0.0122  val_loss=0.0126  (42.6s)  *saved
epoch 6/40  train_loss=0.0118  val_loss=0.0130  (45.4s)
epoch 7/40  train_loss=0.0114  val_loss=0.0132  (40.3s)
epoch 8/40  train_loss=0.0110  val_loss=0.0120  (42.3s)  *saved
epoch 9/40  train_loss=0.0107  val_loss=0.0125  (42.6s)
epoch 10/40  train_loss=0.0105  val_loss=0.0125  (41.0s)
epoch 11/40  train_loss=0.0102  val_loss=0.0122  (40.1s)
epoch 12/40  train_loss=0.0099  val_loss=0.0130  (52.4s)
epoch 13/40  train_loss=0.0098  val_loss=0.0122  (54.7s)
epoch 14/40  train_loss=0.0096  val_loss=0.0127  (40.7s)
epoch 15/40  train_loss=0.0094  val_loss=0.0127  (43.4s)
epoch 16/40  train_loss=0.0092  val_loss=0.0126  (44.4s)
epoch 17/40  train_loss=0.0090  val_loss=0.0130  (45.2s)
epoch 18/40  train_loss=0.0089  val_loss=0.0129  (48.2s)
epoch 19/40  train_loss=0.0087  val_loss=0.0133  (42.1s)
epoch 20/40  train_loss=0.0087  val_loss=0.0130  (41.0s)
epoch 21/40  train_loss=0.0085  val_loss=0.0134  (47.3s)
epoch 22/40  train_loss=0.0085  val_loss=0.0133  (40.8s)
epoch 23/40  train_loss=0.0083  val_loss=0.0136  (46.2s)
epoch 24/40  train_loss=0.0082  val_loss=0.0141  (58.5s)
epoch 25/40  train_loss=0.0081  val_loss=0.0137  (49.5s)
epoch 26/40  train_loss=0.0080  val_loss=0.0140  (43.6s)
epoch 27/40  train_loss=0.0079  val_loss=0.0139  (55.3s)
epoch 28/40  train_loss=0.0078  val_loss=0.0148  (51.3s)
epoch 29/40  train_loss=0.0078  val_loss=0.0151  (52.6s)
epoch 30/40  train_loss=0.0076  val_loss=0.0147  (49.7s)
epoch 31/40  train_loss=0.0076  val_loss=0.0146  (45.9s)
epoch 32/40  train_loss=0.0075  val_loss=0.0143  (53.1s)
epoch 33/40  train_loss=0.0074  val_loss=0.0156  (56.6s)
epoch 34/40  train_loss=0.0074  val_loss=0.0153  (41.1s)
epoch 35/40  train_loss=0.0074  val_loss=0.0150  (54.0s)
epoch 36/40  train_loss=0.0073  val_loss=0.0149  (44.0s)
epoch 37/40  train_loss=0.0072  val_loss=0.0155  (40.7s)
epoch 38/40  train_loss=0.0072  val_loss=0.0157  (40.8s)
epoch 39/40  train_loss=0.0070  val_loss=0.0162  (42.0s)
epoch 40/40  train_loss=0.0071  val_loss=0.0162  (40.8s)
wrote checkpoints/study/bw_s3/stage_b_head.pt (best val_loss=0.0120)
/home/woody/iwnt/iwnt196h/software/private/conda/envs/stage_a/lib/python3.11/site-packages/pythonperlin/__init__.py:4: UserWarning: pkg_resources is deprecated as an API. See https://setuptools.pypa.io/en/latest/pkg_resources.html. The pkg_resources package is slated for removal as early as 2025-11-30. Refrain from using this package or pin to Setuptools<81.
  from pkg_resources import get_distribution
Tuned per-class thresholds (best-F1 on val split):
  dirt      0.585
  water     0.541
  scratch   0.553
Evaluated 1400 images (358400 tiles) from split='val', threshold=tuned per-class
class      threshold precision    recall        f1        AP   ROC-AUC   support
dirt           0.585     0.860     0.820     0.839     0.926     0.971     72751
water          0.541     0.809     0.831     0.820     0.909     0.965     83062
scratch        0.553     0.848     0.718     0.778     0.825     0.977      9330

Per-severity breakdown (ungated, per tile):
class     severity   threshold precision    recall        f1        AP   ROC-AUC   support
dirt      low            0.585     0.770     0.634     0.696     0.780     0.948     25323
dirt      medium         0.585     0.784     0.887     0.832     0.932     0.987     23366
dirt      high           0.585     0.782     0.949     0.858     0.966     0.995     24062
water     low            0.541     0.687     0.627     0.656     0.714     0.945     27570
water     medium         0.541     0.731     0.917     0.814     0.923     0.987     27295
water     high           0.541     0.754     0.947     0.840     0.957     0.993     28197
scratch   low            0.553     0.824     0.576     0.678     0.694     0.964      3234
scratch   medium         0.553     0.818     0.747     0.781     0.828     0.987      3218
scratch   high           0.553     0.804     0.846     0.824     0.891     0.993      2878
=== JOB_STATISTICS ===
=== current date     : Sun Sep 27 12:45:24 AM CEST 2026
= Job-ID             : 1823279 on tinygpu
= Job-Name           : bw_s3
= Job-Command        : /home/woody/iwnt/iwnt196h/Farhad_Vaseghi_MA/scripts/hpc/run_shell.slurm
= Initial workdir    : /home/woody/iwnt/iwnt196h/Farhad_Vaseghi_MA
= Queue/Partition    : work
= Slurm account      : iwnt with QOS=normal
= Requested resources:  for 03:00:00
= Elapsed runtime    : 00:31:44
= Total RAM usage    : 4.3 GiB of requested  GiB (%)   
= Node list          : tg080
= Subm/Elig/Start/End: 2026-09-27T00:02:22 / 2026-09-27T00:02:22 / 2026-09-27T00:13:40 / 2026-09-27T00:45:24
======================
=== Quota infos ======
    Path                 Used     SoftQ    HardQ    Gracetime  Filec    FileQ    FiHaQ    FileGrace    
    /home/woody            10.5G  1000.0G  1500.0G        N/A     101K   5,000K   7,500K        N/A    
    /home/hpc               6.0G   104.9G   209.7G        N/A   1,449      500K   1,000K        N/A    
    /home/vault             0.0K  1048.6G  2097.2G        N/A       1      200K     400K        N/A    
======================
=== GPU utilization ==
gpu_name, gpu_bus_id, pid, gpu_utilization [%], mem_utilization [%], max_memory_usage [MiB], time [ms]
NVIDIA GeForce RTX 3080, 00000000:3D:00.0, 61251, 72 %, 51 %, 2990 MiB, 1862562 ms
NVIDIA GeForce RTX 3080, 00000000:3D:00.0, 61250, 25 %, 17 %, 3522 MiB, 26135 ms
