### Starting TaskPrologue of job 1823211 on tg095 at Sat Sep 26 10:58:41 PM CEST 2026
Running on cores 0-31 with governor ondemand
Sat Sep 26 22:58:41 2026       
+-----------------------------------------------------------------------------------------+
| NVIDIA-SMI 610.57.04              KMD Version: 610.57.04     CUDA UMD Version: 13.3     |
+-----------------------------------------+------------------------+----------------------+
| GPU  Name                 Persistence-M | Bus-Id          Disp.A | Volatile Uncorr. ECC |
| Fan  Temp   Perf          Pwr:Usage/Cap |           Memory-Usage | GPU-Util  Compute M. |
|                                         |                        |               MIG M. |
|=========================================+========================+======================|
|   0  NVIDIA A100-SXM4-40GB          On  |   00000000:01:00.0 Off |                    0 |
| N/A   37C    P0             52W /  400W |       0MiB /  40960MiB |      0%      Default |
|                                         |                        |             Disabled |
+-----------------------------------------+------------------------+----------------------+

+-----------------------------------------------------------------------------------------+
| Processes:                                                                              |
|  GPU   GI   CI              PID   Type   Process name                        GPU Memory |
|        ID   ID                                                               Usage      |
|=========================================================================================|
|  No running processes found                                                             |
+-----------------------------------------------------------------------------------------+
### Finished TaskPrologue

/home/woody/iwnt/iwnt196h/software/private/conda/envs/stage_a/lib/python3.11/site-packages/pythonperlin/__init__.py:4: UserWarning: pkg_resources is deprecated as an API. See https://setuptools.pypa.io/en/latest/pkg_resources.html. The pkg_resources package is slated for removal as early as 2025-11-30. Refrain from using this package or pin to Setuptools<81.
  from pkg_resources import get_distribution
Tuned per-class thresholds (best-F1 on val split):
  dirt      0.121
  water     0.260
  scratch   0.002
ground-truth cell threshold: {'dirt': 0.2, 'water': 0.25, 'scratch': 0.015}
Evaluated 1400 images (5734400 tiles) from split='val', threshold=tuned per-class
class      threshold precision    recall        f1        AP   ROC-AUC   support
dirt           0.121     0.846     0.811     0.828     0.902     0.961   1135969
water          0.260     0.800     0.822     0.811     0.889     0.959   1298411
scratch        0.002     0.859     0.694     0.767     0.744     0.943     55214

Per-severity breakdown (ungated, pooled to 64x64):
class     severity   threshold precision    recall        f1        AP   ROC-AUC   support
dirt      low            0.121     0.717     0.652     0.683     0.743     0.934    396141
dirt      medium         0.121     0.740     0.871     0.800     0.888     0.981    363915
dirt      high           0.121     0.756     0.921     0.831     0.917     0.989    375913
water     low            0.260     0.639     0.659     0.649     0.684     0.937    432292
water     medium         0.260     0.702     0.903     0.790     0.885     0.984    425661
water     high           0.260     0.749     0.903     0.818     0.918     0.988    440458
scratch   low            0.002     0.763     0.545     0.636     0.564     0.893     19467
scratch   medium         0.002     0.791     0.726     0.757     0.735     0.961     18703
scratch   high           0.002     0.795     0.828     0.811     0.818     0.980     17044
=== JOB_STATISTICS ===
=== current date     : Sat Sep 26 11:00:29 PM CEST 2026
= Job-ID             : 1823211 on tinygpu
= Job-Name           : c_t4-8-16-32
= Job-Command        : /home/woody/iwnt/iwnt196h/Farhad_Vaseghi_MA/scripts/hpc/run_shell.slurm
= Initial workdir    : /home/woody/iwnt/iwnt196h/Farhad_Vaseghi_MA
= Queue/Partition    : a100
= Slurm account      : iwnt with QOS=normal
= Requested resources:  for 01:00:00
= Elapsed runtime    : 00:01:50
= Total RAM usage    : 2.7 GiB of requested  GiB (%)   
= Node list          : tg095
= Subm/Elig/Start/End: 2026-09-26T22:41:51 / 2026-09-26T22:41:51 / 2026-09-26T22:58:39 / 2026-09-26T23:00:29
======================
=== Quota infos ======
    Path                 Used     SoftQ    HardQ    Gracetime  Filec    FileQ    FiHaQ    FileGrace    
    /home/woody            10.5G  1000.0G  1500.0G        N/A     101K   5,000K   7,500K        N/A    
    /home/hpc               6.0G   104.9G   209.7G        N/A   1,449      500K   1,000K        N/A    
    /home/vault             0.0K  1048.6G  2097.2G        N/A       1      200K     400K        N/A    
======================
=== GPU utilization ==
gpu_name, gpu_bus_id, pid, gpu_utilization [%], mem_utilization [%], max_memory_usage [MiB], time [ms]
NVIDIA A100-SXM4-40GB, 00000000:01:00.0, 2536276, 4 %, 2 %, 2180 MiB, 99842 ms
