### Starting TaskPrologue of job 1823236 on tg06a at Sat Sep 26 11:36:17 PM CEST 2026
Running on cores 6-7,14-15,22-23,30-31 with governor ondemand
Sat Sep 26 23:36:17 2026       
+-----------------------------------------------------------------------------------------+
| NVIDIA-SMI 610.57.04              KMD Version: 610.57.04     CUDA UMD Version: 13.3     |
+-----------------------------------------+------------------------+----------------------+
| GPU  Name                 Persistence-M | Bus-Id          Disp.A | Volatile Uncorr. ECC |
| Fan  Temp   Perf          Pwr:Usage/Cap |           Memory-Usage | GPU-Util  Compute M. |
|                                         |                        |               MIG M. |
|=========================================+========================+======================|
|   0  NVIDIA GeForce RTX 2080 Ti     On  |   00000000:AF:00.0 Off |                  N/A |
| 95%   65C    P3             59W /  250W |       1MiB /  11264MiB |      0%      Default |
|                                         |                        |                  N/A |
+-----------------------------------------+------------------------+----------------------+

+-----------------------------------------------------------------------------------------+
| Processes:                                                                              |
|  GPU   GI   CI              PID   Type   Process name                        GPU Memory |
|        ID   ID                                                               Usage      |
|=========================================================================================|
|  No running processes found                                                             |
+-----------------------------------------------------------------------------------------+
### Finished TaskPrologue

/home/woody/iwnt/iwnt196h/software/private/conda/envs/stage_a/lib/python3.11/site-packages/pythonperlin/__init__.py:4: UserWarning: pkg_resources is deprecated as an API. See https://setuptools.pypa.io/en/latest/pkg_resources.html. The pkg_resources package is slated for removal as early as 2025-11-30. Refrain from using this package or pin to Setuptools<81.
  from pkg_resources import get_distribution
train=11200 val=1400 arch=unet taps=(8, 16, 32) loss=dice_bce bce_weight=0.5 class_weights=None
epoch 1/25  train_loss=0.3958  val_loss=0.3248  (89.1s)  *saved
epoch 2/25  train_loss=0.3197  val_loss=0.3082  (81.9s)  *saved
epoch 3/25  train_loss=0.3079  val_loss=0.2999  (78.2s)  *saved
epoch 4/25  train_loss=0.2997  val_loss=0.3003  (86.2s)
epoch 5/25  train_loss=0.2936  val_loss=0.2956  (74.9s)  *saved
epoch 6/25  train_loss=0.2905  val_loss=0.2905  (73.0s)  *saved
epoch 7/25  train_loss=0.2866  val_loss=0.2931  (73.6s)
epoch 8/25  train_loss=0.2836  val_loss=0.2889  (73.7s)  *saved
epoch 9/25  train_loss=0.2809  val_loss=0.2898  (74.8s)
epoch 10/25  train_loss=0.2787  val_loss=0.2859  (73.9s)  *saved
epoch 11/25  train_loss=0.2760  val_loss=0.2830  (73.8s)  *saved
epoch 12/25  train_loss=0.2745  val_loss=0.2850  (73.8s)
epoch 13/25  train_loss=0.2739  val_loss=0.2878  (73.7s)
epoch 14/25  train_loss=0.2721  val_loss=0.2822  (74.3s)  *saved
epoch 15/25  train_loss=0.2701  val_loss=0.2834  (74.3s)
epoch 16/25  train_loss=0.2697  val_loss=0.2822  (72.6s)
epoch 17/25  train_loss=0.2684  val_loss=0.2869  (75.5s)
epoch 18/25  train_loss=0.2678  val_loss=0.2816  (73.3s)  *saved
epoch 19/25  train_loss=0.2668  val_loss=0.2846  (72.9s)
epoch 20/25  train_loss=0.2650  val_loss=0.2813  (72.8s)  *saved
epoch 21/25  train_loss=0.2634  val_loss=0.2816  (72.9s)
epoch 22/25  train_loss=0.2641  val_loss=0.2822  (73.8s)
epoch 23/25  train_loss=0.2623  val_loss=0.2795  (73.8s)  *saved
epoch 24/25  train_loss=0.2615  val_loss=0.2824  (73.0s)
epoch 25/25  train_loss=0.2611  val_loss=0.2794  (73.7s)  *saved
wrote checkpoints/study/c_t8-16-32/stage_c_head.pt (best val_loss=0.2794)
/home/woody/iwnt/iwnt196h/software/private/conda/envs/stage_a/lib/python3.11/site-packages/pythonperlin/__init__.py:4: UserWarning: pkg_resources is deprecated as an API. See https://setuptools.pypa.io/en/latest/pkg_resources.html. The pkg_resources package is slated for removal as early as 2025-11-30. Refrain from using this package or pin to Setuptools<81.
  from pkg_resources import get_distribution
Tuned per-class thresholds (best-F1 on val split):
  dirt      0.111
  water     0.247
  scratch   0.001
ground-truth cell threshold: {'dirt': 0.2, 'water': 0.25, 'scratch': 0.015}
Evaluated 1400 images (5734400 tiles) from split='val', threshold=tuned per-class
class      threshold precision    recall        f1        AP   ROC-AUC   support
dirt           0.111     0.838     0.805     0.821     0.898     0.960   1135969
water          0.247     0.796     0.820     0.808     0.886     0.957   1298411
scratch        0.001     0.798     0.609     0.691     0.672     0.932     55214

Per-severity breakdown (ungated, pooled to 64x64):
class     severity   threshold precision    recall        f1        AP   ROC-AUC   support
dirt      low            0.111     0.695     0.650     0.672     0.734     0.932    396141
dirt      medium         0.111     0.719     0.861     0.783     0.880     0.979    363915
dirt      high           0.111     0.741     0.914     0.819     0.912     0.988    375913
water     low            0.247     0.653     0.653     0.653     0.694     0.937    432292
water     medium         0.247     0.700     0.914     0.793     0.896     0.985    425661
water     high           0.247     0.769     0.894     0.827     0.918     0.988    440458
scratch   low            0.001     0.687     0.481     0.566     0.493     0.887     19467
scratch   medium         0.001     0.727     0.635     0.678     0.659     0.947     18703
scratch   high           0.001     0.730     0.726     0.728     0.745     0.971     17044
=== JOB_STATISTICS ===
=== current date     : Sun Sep 27 12:09:48 AM CEST 2026
= Job-ID             : 1823236 on tinygpu
= Job-Name           : c_t8-16-32
= Job-Command        : /home/woody/iwnt/iwnt196h/Farhad_Vaseghi_MA/scripts/hpc/run_shell.slurm
= Initial workdir    : /home/woody/iwnt/iwnt196h/Farhad_Vaseghi_MA
= Queue/Partition    : work
= Slurm account      : iwnt with QOS=normal
= Requested resources:  for 05:00:00
= Elapsed runtime    : 00:33:32
= Total RAM usage    : 6.2 GiB of requested  GiB (%)   
= Node list          : tg06a
= Subm/Elig/Start/End: 2026-09-26T22:41:52 / 2026-09-26T22:41:52 / 2026-09-26T23:36:16 / 2026-09-27T00:09:48
======================
=== Quota infos ======
    Path                 Used     SoftQ    HardQ    Gracetime  Filec    FileQ    FiHaQ    FileGrace    
    /home/woody            10.5G  1000.0G  1500.0G        N/A     101K   5,000K   7,500K        N/A    
    /home/hpc               6.0G   104.9G   209.7G        N/A   1,449      500K   1,000K        N/A    
    /home/vault             0.0K  1048.6G  2097.2G        N/A       1      200K     400K        N/A    
======================
=== GPU utilization ==
gpu_name, gpu_bus_id, pid, gpu_utilization [%], mem_utilization [%], max_memory_usage [MiB], time [ms]
NVIDIA GeForce RTX 2080 Ti, 00000000:AF:00.0, 2118744, 79 %, 45 %, 2620 MiB, 1891288 ms
NVIDIA GeForce RTX 2080 Ti, 00000000:AF:00.0, 2118743, 12 %, 6 %, 1798 MiB, 100364 ms
