### Starting TaskPrologue of job 1823244 on tg06a at Sun Sep 27 12:09:50 AM CEST 2026
Running on cores 6-7,14-15,22-23,30-31 with governor ondemand
Sun Sep 27 00:09:50 2026       
+-----------------------------------------------------------------------------------------+
| NVIDIA-SMI 610.57.04              KMD Version: 610.57.04     CUDA UMD Version: 13.3     |
+-----------------------------------------+------------------------+----------------------+
| GPU  Name                 Persistence-M | Bus-Id          Disp.A | Volatile Uncorr. ECC |
| Fan  Temp   Perf          Pwr:Usage/Cap |           Memory-Usage | GPU-Util  Compute M. |
|                                         |                        |               MIG M. |
|=========================================+========================+======================|
|   0  NVIDIA GeForce RTX 2080 Ti     On  |   00000000:AF:00.0 Off |                  N/A |
| 35%   37C    P8             15W /  250W |       1MiB /  11264MiB |      0%      Default |
|                                         |                        |                  N/A |
+-----------------------------------------+------------------------+----------------------+

+-----------------------------------------------------------------------------------------+
| Processes:                                                                              |
|  GPU   GI   CI              PID   Type   Process name                        GPU Memory |
|        ID   ID                                                               Usage      |
|=========================================================================================|
|  No running processes found                                                             |
+-----------------------------------------------------------------------------------------+
### Finished TaskPrologue

/home/woody/iwnt/iwnt196h/software/private/conda/envs/stage_a/lib/python3.11/site-packages/pythonperlin/__init__.py:4: UserWarning: pkg_resources is deprecated as an API. See https://setuptools.pypa.io/en/latest/pkg_resources.html. The pkg_resources package is slated for removal as early as 2025-11-30. Refrain from using this package or pin to Setuptools<81.
  from pkg_resources import get_distribution
arch=multiscale img_size=512
train=11200 val=1400 class_weight=[14.0, 1.076923131942749]
epoch 1/20  train_loss=0.4872  val_loss=0.4216  (49.8s)  *saved
epoch 2/20  train_loss=0.4091  val_loss=0.3608  (48.4s)  *saved
epoch 3/20  train_loss=0.3695  val_loss=0.3298  (48.8s)  *saved
epoch 4/20  train_loss=0.3593  val_loss=0.3401  (49.0s)
epoch 5/20  train_loss=0.3392  val_loss=0.2953  (48.9s)  *saved
epoch 6/20  train_loss=0.3364  val_loss=0.2951  (49.0s)  *saved
epoch 7/20  train_loss=0.3255  val_loss=0.2835  (49.0s)  *saved
epoch 8/20  train_loss=0.3059  val_loss=0.2799  (48.8s)  *saved
epoch 9/20  train_loss=0.3032  val_loss=0.2705  (49.1s)  *saved
epoch 10/20  train_loss=0.2900  val_loss=0.2622  (49.1s)  *saved
epoch 11/20  train_loss=0.2958  val_loss=0.2644  (48.9s)
epoch 12/20  train_loss=0.2902  val_loss=0.2656  (49.1s)
epoch 13/20  train_loss=0.2817  val_loss=0.2786  (48.9s)
epoch 14/20  train_loss=0.2839  val_loss=0.2639  (49.0s)
epoch 15/20  train_loss=0.2774  val_loss=0.2511  (48.9s)  *saved
epoch 16/20  train_loss=0.2686  val_loss=0.2764  (49.1s)
epoch 17/20  train_loss=0.2722  val_loss=0.2561  (49.2s)
epoch 18/20  train_loss=0.2645  val_loss=0.2429  (49.2s)  *saved
epoch 19/20  train_loss=0.2765  val_loss=0.2441  (49.0s)
epoch 20/20  train_loss=0.2685  val_loss=0.2584  (48.9s)
wrote checkpoints/study/g_t2-4-8-16-32/impaired_gate_head.pt (best val_loss=0.2429)
/home/woody/iwnt/iwnt196h/software/private/conda/envs/stage_a/lib/python3.11/site-packages/pythonperlin/__init__.py:4: UserWarning: pkg_resources is deprecated as an API. See https://setuptools.pypa.io/en/latest/pkg_resources.html. The pkg_resources package is slated for removal as early as 2025-11-30. Refrain from using this package or pin to Setuptools<81.
  from pkg_resources import get_distribution
Tuned threshold (best-F1 on val split):
  impaired  0.163
Evaluated 1400 images from split='val', threshold=tuned
class      threshold precision    recall        f1        AP   ROC-AUC   support
impaired       0.163     0.961     0.971     0.966     0.996     0.953      1300

Gate threshold for recall >= 0.95 (tuned on val): 0.216
  val:  impaired kept=0.950  clean passed=0.350
  val: impaired kept=0.950  clean passed=0.350
=== JOB_STATISTICS ===
=== current date     : Sun Sep 27 12:27:05 AM CEST 2026
= Job-ID             : 1823244 on tinygpu
= Job-Name           : g_t2-4-8-16-32
= Job-Command        : /home/woody/iwnt/iwnt196h/Farhad_Vaseghi_MA/scripts/hpc/run_shell.slurm
= Initial workdir    : /home/woody/iwnt/iwnt196h/Farhad_Vaseghi_MA
= Queue/Partition    : work
= Slurm account      : iwnt with QOS=normal
= Requested resources:  for 03:00:00
= Elapsed runtime    : 00:17:16
= Total RAM usage    : 3.8 GiB of requested  GiB (%)   
= Node list          : tg06a
= Subm/Elig/Start/End: 2026-09-26T22:41:52 / 2026-09-26T22:41:52 / 2026-09-27T00:09:49 / 2026-09-27T00:27:05
======================
=== Quota infos ======
    Path                 Used     SoftQ    HardQ    Gracetime  Filec    FileQ    FiHaQ    FileGrace    
    /home/woody            10.5G  1000.0G  1500.0G        N/A     101K   5,000K   7,500K        N/A    
    /home/hpc               6.0G   104.9G   209.7G        N/A   1,449      500K   1,000K        N/A    
    /home/vault             0.0K  1048.6G  2097.2G        N/A       1      200K     400K        N/A    
======================
=== GPU utilization ==
gpu_name, gpu_bus_id, pid, gpu_utilization [%], mem_utilization [%], max_memory_usage [MiB], time [ms]
NVIDIA GeForce RTX 2080 Ti, 00000000:AF:00.0, 2124606, 92 %, 56 %, 3014 MiB, 987816 ms
NVIDIA GeForce RTX 2080 Ti, 00000000:AF:00.0, 2124605, 33 %, 21 %, 3760 MiB, 28408 ms
