### Starting TaskPrologue of job 1823242 on tg069 at Sun Sep 27 12:00:58 AM CEST 2026
Running on cores 6-7,14-15,22-23,30-31 with governor ondemand
Sun Sep 27 00:00:58 2026       
+-----------------------------------------------------------------------------------------+
| NVIDIA-SMI 615.71.09              KMD Version: 615.71.09     CUDA UMD Version: 13.4     |
+-----------------------------------------+------------------------+----------------------+
| GPU  Name                 Persistence-M | Bus-Id          Disp.A | Volatile Uncorr. ECC |
| Fan  Temp   Perf          Pwr:Usage/Cap |           Memory-Usage | GPU-Util  Compute M. |
|                                         |                        |               MIG M. |
|=========================================+========================+======================|
|   0  NVIDIA GeForce RTX 2080 Ti     On  |   00000000:86:00.0 Off |                  N/A |
| 39%   51C    P5             41W /  250W |       1MiB /  11264MiB |      0%      Default |
|                                         |                        |                  N/A |
+-----------------------------------------+------------------------+----------------------+

+-----------------------------------------------------------------------------------------+
| Processes:                                                                              |
|  GPU   GI   CI              PID   Type   Process name                        GPU Memory |
|        ID   ID                                                               Usage      |
|=========================================================================================|
|  No running processes found                                                             |
+-----------------------------------------------------------------------------------------+
### Finished TaskPrologue

/home/woody/iwnt/iwnt196h/software/private/conda/envs/stage_a/lib/python3.11/site-packages/pythonperlin/__init__.py:4: UserWarning: pkg_resources is deprecated as an API. See https://setuptools.pypa.io/en/latest/pkg_resources.html. The pkg_resources package is slated for removal as early as 2025-11-30. Refrain from using this package or pin to Setuptools<81.
  from pkg_resources import get_distribution
arch=multiscale img_size=512
train=11200 val=1400 class_weight=[14.0, 1.076923131942749]
epoch 1/20  train_loss=0.5269  val_loss=0.4863  (50.6s)  *saved
epoch 2/20  train_loss=0.4374  val_loss=0.4266  (47.3s)  *saved
epoch 3/20  train_loss=0.4009  val_loss=0.3891  (47.5s)  *saved
epoch 4/20  train_loss=0.3691  val_loss=0.3344  (47.6s)  *saved
epoch 5/20  train_loss=0.3528  val_loss=0.3483  (47.9s)
epoch 6/20  train_loss=0.3346  val_loss=0.3105  (47.8s)  *saved
epoch 7/20  train_loss=0.3278  val_loss=0.4396  (47.8s)
epoch 8/20  train_loss=0.3149  val_loss=0.2895  (47.7s)  *saved
epoch 9/20  train_loss=0.3191  val_loss=0.2801  (47.9s)  *saved
epoch 10/20  train_loss=0.3154  val_loss=0.3298  (48.3s)
epoch 11/20  train_loss=0.3023  val_loss=0.4144  (47.5s)
epoch 12/20  train_loss=0.2997  val_loss=0.2661  (47.5s)  *saved
epoch 13/20  train_loss=0.2914  val_loss=0.4128  (48.1s)
epoch 14/20  train_loss=0.2932  val_loss=0.2530  (47.7s)  *saved
epoch 15/20  train_loss=0.3028  val_loss=0.2795  (47.6s)
epoch 16/20  train_loss=0.2755  val_loss=0.2952  (47.9s)
epoch 17/20  train_loss=0.2734  val_loss=0.2641  (47.8s)
epoch 18/20  train_loss=0.2766  val_loss=0.2576  (47.6s)
epoch 19/20  train_loss=0.2723  val_loss=0.2493  (47.6s)  *saved
epoch 20/20  train_loss=0.2728  val_loss=0.3409  (47.9s)
wrote checkpoints/study/g_t8-16-32/impaired_gate_head.pt (best val_loss=0.2493)
/home/woody/iwnt/iwnt196h/software/private/conda/envs/stage_a/lib/python3.11/site-packages/pythonperlin/__init__.py:4: UserWarning: pkg_resources is deprecated as an API. See https://setuptools.pypa.io/en/latest/pkg_resources.html. The pkg_resources package is slated for removal as early as 2025-11-30. Refrain from using this package or pin to Setuptools<81.
  from pkg_resources import get_distribution
Tuned threshold (best-F1 on val split):
  impaired  0.103
Evaluated 1400 images from split='val', threshold=tuned
class      threshold precision    recall        f1        AP   ROC-AUC   support
impaired       0.103     0.948     0.983     0.965     0.996     0.953      1300

Gate threshold for recall >= 0.95 (tuned on val): 0.160
  val:  impaired kept=0.950  clean passed=0.380
  val: impaired kept=0.950  clean passed=0.380
=== JOB_STATISTICS ===
=== current date     : Sun Sep 27 12:17:48 AM CEST 2026
= Job-ID             : 1823242 on tinygpu
= Job-Name           : g_t8-16-32
= Job-Command        : /home/woody/iwnt/iwnt196h/Farhad_Vaseghi_MA/scripts/hpc/run_shell.slurm
= Initial workdir    : /home/woody/iwnt/iwnt196h/Farhad_Vaseghi_MA
= Queue/Partition    : work
= Slurm account      : iwnt with QOS=normal
= Requested resources:  for 03:00:00
= Elapsed runtime    : 00:16:53
= Total RAM usage    : 3.9 GiB of requested  GiB (%)   
= Node list          : tg069
= Subm/Elig/Start/End: 2026-09-26T22:41:52 / 2026-09-26T22:41:52 / 2026-09-27T00:00:55 / 2026-09-27T00:17:48
======================
=== Quota infos ======
    Path                 Used     SoftQ    HardQ    Gracetime  Filec    FileQ    FiHaQ    FileGrace    
    /home/vault             0.0K  1048.6G  2097.2G        N/A       1      200K     400K        N/A    
    /home/woody            10.5G  1000.0G  1500.0G        N/A     101K   5,000K   7,500K        N/A    
    /home/hpc               6.0G   104.9G   209.7G        N/A   1,449      500K   1,000K        N/A    
======================
=== GPU utilization ==
gpu_name, gpu_bus_id, pid, gpu_utilization [%], mem_utilization [%], max_memory_usage [MiB], time [ms]
NVIDIA GeForce RTX 2080 Ti, 00000000:86:00.0, 1290965, 93 %, 56 %, 2086 MiB, 964993 ms
NVIDIA GeForce RTX 2080 Ti, 00000000:86:00.0, 1290964, 36 %, 22 %, 3312 MiB, 25801 ms
